Component: ARM Compiler 5.06 update 1 (build 61) Tool: armlink [4d35a8]

==============================================================================

Section Cross References

    key.o(i.debounce_1khz) refers to key.o(i.push) for push
    main.o(i.CRLF) refers to uart.o(i.UART_send) for UART_send
    main.o(i.SysTick_Handler) refers to key.o(i.debounce_1khz) for debounce_1khz
    main.o(i.SysTick_Handler) refers to main.o(i.key_event) for key_event
    main.o(i.SysTick_Handler) refers to main.o(.bss) for klawisz1
    main.o(i.SysTick_Handler) refers to main.o(.data) for sec1
    main.o(i.key_event) refers to main.o(.data) for a
    main.o(i.main) refers to systick.o(i.SysTick_init) for SysTick_init
    main.o(i.main) refers to uart.o(i.UART2_init) for UART2_init
    main.o(i.main) refers to rfid.o(i.RFID_init) for RFID_init
    main.o(i.main) refers to key.o(i.key_init) for key_init
    main.o(i.main) refers to uart.o(i.UART_send) for UART_send
    main.o(i.main) refers to main.o(i.CRLF) for CRLF
    main.o(i.main) refers to aeabi_sdiv.o(.text) for __aeabi_idivmod
    main.o(i.main) refers to rfid.o(i.RFID_add_card_to_database) for RFID_add_card_to_database
    main.o(i.main) refers to rfid.o(i.RFID_show_database) for RFID_show_database
    main.o(i.main) refers to uart.o(i.UART_send_int) for UART_send_int
    main.o(i.main) refers to rfid.o(i.RFID_delete_card_from_database) for RFID_delete_card_from_database
    main.o(i.main) refers to main.o(.bss) for klawisz1
    main.o(i.main) refers to main.o(.data) for a
    rfid.o(i.RC522_read) refers to spi.o(i.SPI_transmit) for SPI_transmit
    rfid.o(i.RC522_to_card) refers to rfid.o(i.RC522_read) for RC522_read
    rfid.o(i.RC522_to_card) refers to rfid.o(i.RC522_write) for RC522_write
    rfid.o(i.RC522_write) refers to spi.o(i.SPI_transmit) for SPI_transmit
    rfid.o(i.RFID_add_card_to_database) refers to rfid.o(i.RFID_get_serial_number) for RFID_get_serial_number
    rfid.o(i.RFID_add_card_to_database) refers to rfid.o(i.RFID_search_database) for RFID_search_database
    rfid.o(i.RFID_add_card_to_database) refers to rfid.o(.bss) for MIFARE_CARD_DATABASE
    rfid.o(i.RFID_delete_card_from_database) refers to rfid.o(i.RFID_get_serial_number) for RFID_get_serial_number
    rfid.o(i.RFID_delete_card_from_database) refers to rfid.o(i.RFID_search_database) for RFID_search_database
    rfid.o(i.RFID_delete_card_from_database) refers to rfid.o(.bss) for MIFARE_CARD_DATABASE
    rfid.o(i.RFID_get_serial_number) refers to rfid.o(i.RFID_request) for RFID_request
    rfid.o(i.RFID_get_serial_number) refers to rfid.o(i.RFID_read_card) for RFID_read_card
    rfid.o(i.RFID_init) refers to spi.o(i.SPI_init) for SPI_init
    rfid.o(i.RFID_init) refers to rfid.o(i.RC522_write) for RC522_write
    rfid.o(i.RFID_init) refers to rfid.o(i.RC522_read) for RC522_read
    rfid.o(i.RFID_read_card) refers to rfid.o(i.RC522_write) for RC522_write
    rfid.o(i.RFID_read_card) refers to rfid.o(i.RC522_to_card) for RC522_to_card
    rfid.o(i.RFID_request) refers to rfid.o(i.RC522_write) for RC522_write
    rfid.o(i.RFID_request) refers to rfid.o(i.RC522_to_card) for RC522_to_card
    rfid.o(i.RFID_search_database) refers to rfid.o(.bss) for MIFARE_CARD_DATABASE
    rfid.o(i.RFID_show_database) refers to rfid.o(.bss) for MIFARE_CARD_DATABASE
    systick.o(i.SysTick_Config) refers to systick.o(i.NVIC_SetPriority) for NVIC_SetPriority
    systick.o(i.SysTick_change_frequency) refers to aeabi_sdiv.o(.text) for __aeabi_uidivmod
    systick.o(i.SysTick_change_frequency) refers to systick.o(i.SysTick_Config) for SysTick_Config
    systick.o(i.SysTick_change_frequency) refers to system_mkl46z4.o(.data) for SystemCoreClock
    systick.o(i.SysTick_init) refers to system_mkl46z4.o(i.SystemCoreClockUpdate) for SystemCoreClockUpdate
    systick.o(i.SysTick_init) refers to aeabi_sdiv.o(.text) for __aeabi_uidivmod
    systick.o(i.SysTick_init) refers to systick.o(i.SysTick_Config) for SysTick_Config
    systick.o(i.SysTick_init) refers to system_mkl46z4.o(.data) for SystemCoreClock
    uart.o(i.UART1_IRQHandler) refers to uart.o(.data) for UART1_tail
    uart.o(i.UART1_IRQHandler) refers to uart.o(.bss) for UART1_TX_bufor
    uart.o(i.UART1_init) refers to uart.o(i.UART_GPIO_init) for UART_GPIO_init
    uart.o(i.UART1_init) refers to aeabi_sdiv.o(.text) for __aeabi_uidivmod
    uart.o(i.UART1_init) refers to uart.o(i.NVIC_ClearPendingIRQ) for NVIC_ClearPendingIRQ
    uart.o(i.UART1_init) refers to uart.o(i.NVIC_SetPriority) for NVIC_SetPriority
    uart.o(i.UART1_init) refers to uart.o(i.NVIC_EnableIRQ) for NVIC_EnableIRQ
    uart.o(i.UART2_IRQHandler) refers to uart.o(.data) for UART2_tail
    uart.o(i.UART2_IRQHandler) refers to uart.o(.bss) for UART2_TX_bufor
    uart.o(i.UART2_init) refers to uart.o(i.UART_GPIO_init) for UART_GPIO_init
    uart.o(i.UART2_init) refers to aeabi_sdiv.o(.text) for __aeabi_uidivmod
    uart.o(i.UART2_init) refers to uart.o(i.NVIC_ClearPendingIRQ) for NVIC_ClearPendingIRQ
    uart.o(i.UART2_init) refers to uart.o(i.NVIC_SetPriority) for NVIC_SetPriority
    uart.o(i.UART2_init) refers to uart.o(i.NVIC_EnableIRQ) for NVIC_EnableIRQ
    uart.o(i.UART_get) refers to uart.o(.data) for UART1_receive_flag
    uart.o(i.UART_get) refers to uart.o(.bss) for UART1_RX_bufor
    uart.o(i.UART_send) refers to uart.o(.data) for UART1_tail
    uart.o(i.UART_send) refers to uart.o(.bss) for UART1_TX_bufor
    uart.o(i.UART_send_int) refers to uart.o(i.int2string) for int2string
    uart.o(i.UART_send_int) refers to uart.o(i.UART_send) for UART_send
    uart.o(i.int2string) refers to aeabi_sdiv.o(.text) for __aeabi_idivmod
    uart.o(i.int2string) refers to strlen.o(.text) for strlen
    startup_mkl46z4.o(STACK) refers (Special) to heapauxi.o(.text) for __use_two_region_memory
    startup_mkl46z4.o(HEAP) refers (Special) to heapauxi.o(.text) for __use_two_region_memory
    startup_mkl46z4.o(RESET) refers (Special) to heapauxi.o(.text) for __use_two_region_memory
    startup_mkl46z4.o(RESET) refers to startup_mkl46z4.o(STACK) for __initial_sp
    startup_mkl46z4.o(RESET) refers to startup_mkl46z4.o(.text) for Reset_Handler
    startup_mkl46z4.o(RESET) refers to main.o(i.SysTick_Handler) for SysTick_Handler
    startup_mkl46z4.o(RESET) refers to uart.o(i.UART1_IRQHandler) for UART1_IRQHandler
    startup_mkl46z4.o(RESET) refers to uart.o(i.UART2_IRQHandler) for UART2_IRQHandler
    startup_mkl46z4.o(.ARM.__at_0x400) refers (Special) to heapauxi.o(.text) for __use_two_region_memory
    startup_mkl46z4.o(.text) refers (Special) to heapauxi.o(.text) for __use_two_region_memory
    startup_mkl46z4.o(.text) refers to system_mkl46z4.o(i.SystemInit) for SystemInit
    startup_mkl46z4.o(.text) refers to __main.o(!!!main) for __main
    startup_mkl46z4.o(.text) refers to startup_mkl46z4.o(HEAP) for Heap_Mem
    startup_mkl46z4.o(.text) refers to startup_mkl46z4.o(STACK) for Stack_Mem
    system_mkl46z4.o(i.SystemCoreClockUpdate) refers to aeabi_sdiv.o(.text) for __aeabi_uidivmod
    system_mkl46z4.o(i.SystemCoreClockUpdate) refers to system_mkl46z4.o(i.__ARM_common_switch8) for __ARM_common_switch8
    system_mkl46z4.o(i.SystemCoreClockUpdate) refers to system_mkl46z4.o(.data) for SystemCoreClock
    __main.o(!!!main) refers to __rtentry.o(.ARM.Collect$$rtentry$$00000000) for __rt_entry
    __rtentry.o(.ARM.Collect$$rtentry$$00000000) refers (Special) to __rtentry2.o(.ARM.Collect$$rtentry$$0000000A) for __rt_entry_li
    __rtentry.o(.ARM.Collect$$rtentry$$00000000) refers (Special) to __rtentry2.o(.ARM.Collect$$rtentry$$0000000D) for __rt_entry_main
    __rtentry.o(.ARM.Collect$$rtentry$$00000000) refers (Special) to __rtentry2.o(.ARM.Collect$$rtentry$$0000000C) for __rt_entry_postli_1
    __rtentry.o(.ARM.Collect$$rtentry$$00000000) refers (Special) to __rtentry2.o(.ARM.Collect$$rtentry$$00000009) for __rt_entry_postsh_1
    __rtentry.o(.ARM.Collect$$rtentry$$00000000) refers (Special) to __rtentry2.o(.ARM.Collect$$rtentry$$00000002) for __rt_entry_presh_1
    __rtentry.o(.ARM.Collect$$rtentry$$00000000) refers (Special) to __rtentry4.o(.ARM.Collect$$rtentry$$00000004) for __rt_entry_sh
    aeabi_idiv0_sigfpe.o(.text) refers to rt_div0.o(.text) for __rt_div0
    __rtentry2.o(.ARM.Collect$$rtentry$$00000008) refers to boardinit2.o(.text) for _platform_post_stackheap_init
    __rtentry2.o(.ARM.Collect$$rtentry$$0000000A) refers to libinit.o(.ARM.Collect$$libinit$$00000000) for __rt_lib_init
    __rtentry2.o(.ARM.Collect$$rtentry$$0000000B) refers to boardinit3.o(.text) for _platform_post_lib_init
    __rtentry2.o(.ARM.Collect$$rtentry$$0000000D) refers to main.o(i.main) for main
    __rtentry2.o(.ARM.Collect$$rtentry$$0000000D) refers to exit.o(.text) for exit
    __rtentry2.o(.ARM.exidx) refers to __rtentry2.o(.ARM.Collect$$rtentry$$00000001) for .ARM.Collect$$rtentry$$00000001
    __rtentry2.o(.ARM.exidx) refers to __rtentry2.o(.ARM.Collect$$rtentry$$00000008) for .ARM.Collect$$rtentry$$00000008
    __rtentry2.o(.ARM.exidx) refers to __rtentry2.o(.ARM.Collect$$rtentry$$0000000A) for .ARM.Collect$$rtentry$$0000000A
    __rtentry2.o(.ARM.exidx) refers to __rtentry2.o(.ARM.Collect$$rtentry$$0000000B) for .ARM.Collect$$rtentry$$0000000B
    __rtentry2.o(.ARM.exidx) refers to __rtentry2.o(.ARM.Collect$$rtentry$$0000000D) for .ARM.Collect$$rtentry$$0000000D
    __rtentry4.o(.ARM.Collect$$rtentry$$00000004) refers to sys_stackheap_outer.o(.text) for __user_setup_stackheap
    __rtentry4.o(.ARM.exidx) refers to __rtentry4.o(.ARM.Collect$$rtentry$$00000004) for .ARM.Collect$$rtentry$$00000004
    rt_div0.o(.text) refers to defsig_fpe_outer.o(.text) for __rt_SIGFPE
    sys_stackheap_outer.o(.text) refers to libspace.o(.text) for __user_perproc_libspace
    sys_stackheap_outer.o(.text) refers to startup_mkl46z4.o(.text) for __user_initial_stackheap
    sys_stackheap_outer.o(__vectab_stack_and_reset_area) refers to tempstk.o(.text) for __temporary_stack_top
    sys_stackheap_outer.o(__vectab_stack_and_reset_area) refers to __main.o(!!!main) for __main
    exit.o(.text) refers to rtexit.o(.ARM.Collect$$rtexit$$00000000) for __rt_exit
    defsig_fpe_outer.o(.text) refers to defsig_fpe_inner.o(.text) for __rt_SIGFPE_inner
    defsig_fpe_outer.o(.text) refers to defsig_exit.o(.text) for __sig_exit
    defsig_fpe_formal.o(.text) refers to rt_raise.o(.text) for __rt_raise
    libinit.o(.ARM.Collect$$libinit$$00000000) refers (Special) to libinit2.o(.ARM.Collect$$libinit$$0000002E) for __rt_lib_init_alloca_1
    libinit.o(.ARM.Collect$$libinit$$00000000) refers (Special) to libinit2.o(.ARM.Collect$$libinit$$0000002C) for __rt_lib_init_argv_1
    libinit.o(.ARM.Collect$$libinit$$00000000) refers (Special) to libinit2.o(.ARM.Collect$$libinit$$0000001B) for __rt_lib_init_atexit_1
    libinit.o(.ARM.Collect$$libinit$$00000000) refers (Special) to libinit2.o(.ARM.Collect$$libinit$$00000021) for __rt_lib_init_clock_1
    libinit.o(.ARM.Collect$$libinit$$00000000) refers (Special) to libinit2.o(.ARM.Collect$$libinit$$00000032) for __rt_lib_init_cpp_1
    libinit.o(.ARM.Collect$$libinit$$00000000) refers (Special) to libinit2.o(.ARM.Collect$$libinit$$00000030) for __rt_lib_init_exceptions_1
    libinit.o(.ARM.Collect$$libinit$$00000000) refers (Special) to libinit2.o(.ARM.Collect$$libinit$$00000002) for __rt_lib_init_fp_1
    libinit.o(.ARM.Collect$$libinit$$00000000) refers (Special) to libinit2.o(.ARM.Collect$$libinit$$0000001F) for __rt_lib_init_fp_trap_1
    libinit.o(.ARM.Collect$$libinit$$00000000) refers (Special) to libinit2.o(.ARM.Collect$$libinit$$00000023) for __rt_lib_init_getenv_1
    libinit.o(.ARM.Collect$$libinit$$00000000) refers (Special) to libinit2.o(.ARM.Collect$$libinit$$0000000A) for __rt_lib_init_heap_1
    libinit.o(.ARM.Collect$$libinit$$00000000) refers (Special) to libinit2.o(.ARM.Collect$$libinit$$00000011) for __rt_lib_init_lc_collate_1
    libinit.o(.ARM.Collect$$libinit$$00000000) refers (Special) to libinit2.o(.ARM.Collect$$libinit$$00000013) for __rt_lib_init_lc_ctype_1
    libinit.o(.ARM.Collect$$libinit$$00000000) refers (Special) to libinit2.o(.ARM.Collect$$libinit$$00000015) for __rt_lib_init_lc_monetary_1
    libinit.o(.ARM.Collect$$libinit$$00000000) refers (Special) to libinit2.o(.ARM.Collect$$libinit$$00000017) for __rt_lib_init_lc_numeric_1
    libinit.o(.ARM.Collect$$libinit$$00000000) refers (Special) to libinit2.o(.ARM.Collect$$libinit$$00000019) for __rt_lib_init_lc_time_1
    libinit.o(.ARM.Collect$$libinit$$00000000) refers (Special) to libinit2.o(.ARM.Collect$$libinit$$00000004) for __rt_lib_init_preinit_1
    libinit.o(.ARM.Collect$$libinit$$00000000) refers (Special) to libinit2.o(.ARM.Collect$$libinit$$0000000E) for __rt_lib_init_rand_1
    libinit.o(.ARM.Collect$$libinit$$00000000) refers (Special) to libinit2.o(.ARM.Collect$$libinit$$00000033) for __rt_lib_init_return
    libinit.o(.ARM.Collect$$libinit$$00000000) refers (Special) to libinit2.o(.ARM.Collect$$libinit$$0000001D) for __rt_lib_init_signal_1
    libinit.o(.ARM.Collect$$libinit$$00000000) refers (Special) to libinit2.o(.ARM.Collect$$libinit$$00000025) for __rt_lib_init_stdio_1
    libinit.o(.ARM.Collect$$libinit$$00000000) refers (Special) to libinit2.o(.ARM.Collect$$libinit$$0000000C) for __rt_lib_init_user_alloc_1
    libspace.o(.text) refers to libspace.o(.bss) for __libspace_start
    rtexit.o(.ARM.Collect$$rtexit$$00000000) refers (Special) to rtexit2.o(.ARM.Collect$$rtexit$$00000004) for __rt_exit_exit
    rtexit.o(.ARM.Collect$$rtexit$$00000000) refers (Special) to rtexit2.o(.ARM.Collect$$rtexit$$00000003) for __rt_exit_ls
    rtexit.o(.ARM.Collect$$rtexit$$00000000) refers (Special) to rtexit2.o(.ARM.Collect$$rtexit$$00000002) for __rt_exit_prels_1
    rtexit.o(.ARM.exidx) refers (Special) to rtexit2.o(.ARM.Collect$$rtexit$$00000004) for __rt_exit_exit
    rtexit.o(.ARM.exidx) refers (Special) to rtexit2.o(.ARM.Collect$$rtexit$$00000003) for __rt_exit_ls
    rtexit.o(.ARM.exidx) refers (Special) to rtexit2.o(.ARM.Collect$$rtexit$$00000002) for __rt_exit_prels_1
    rtexit.o(.ARM.exidx) refers to rtexit.o(.ARM.Collect$$rtexit$$00000000) for .ARM.Collect$$rtexit$$00000000
    rt_raise.o(.text) refers to __raise.o(.text) for __raise
    rt_raise.o(.text) refers to sys_exit.o(.text) for _sys_exit
    defsig_exit.o(.text) refers to sys_exit.o(.text) for _sys_exit
    defsig_fpe_inner.o(.text) refers to defsig_general.o(.text) for __default_signal_display
    libinit2.o(.ARM.Collect$$libinit$$00000010) refers to libinit2.o(.ARM.Collect$$libinit$$0000000F) for .ARM.Collect$$libinit$$0000000F
    libinit2.o(.ARM.Collect$$libinit$$00000012) refers to libinit2.o(.ARM.Collect$$libinit$$0000000F) for .ARM.Collect$$libinit$$0000000F
    libinit2.o(.ARM.Collect$$libinit$$00000014) refers to libinit2.o(.ARM.Collect$$libinit$$0000000F) for .ARM.Collect$$libinit$$0000000F
    libinit2.o(.ARM.Collect$$libinit$$00000016) refers to libinit2.o(.ARM.Collect$$libinit$$0000000F) for .ARM.Collect$$libinit$$0000000F
    libinit2.o(.ARM.Collect$$libinit$$00000018) refers to libinit2.o(.ARM.Collect$$libinit$$0000000F) for .ARM.Collect$$libinit$$0000000F
    libinit2.o(.ARM.Collect$$libinit$$00000026) refers to argv_veneer.o(.text) for __ARM_argv_veneer
    libinit2.o(.ARM.Collect$$libinit$$00000027) refers to argv_veneer.o(.text) for __ARM_argv_veneer
    sys_exit.o(.text) refers (Special) to use_no_semi.o(.text) for __I$use$semihosting
    sys_exit.o(.text) refers (Special) to indicate_semi.o(.text) for __semihosting_library_function
    rtexit2.o(.ARM.Collect$$rtexit$$00000003) refers to libshutdown.o(.ARM.Collect$$libshutdown$$00000000) for __rt_lib_shutdown
    rtexit2.o(.ARM.Collect$$rtexit$$00000004) refers to sys_exit.o(.text) for _sys_exit
    rtexit2.o(.ARM.exidx) refers to rtexit2.o(.ARM.Collect$$rtexit$$00000001) for .ARM.Collect$$rtexit$$00000001
    rtexit2.o(.ARM.exidx) refers to rtexit2.o(.ARM.Collect$$rtexit$$00000003) for .ARM.Collect$$rtexit$$00000003
    rtexit2.o(.ARM.exidx) refers to rtexit2.o(.ARM.Collect$$rtexit$$00000004) for .ARM.Collect$$rtexit$$00000004
    __raise.o(.text) refers to defsig.o(CL$$defsig) for __default_signal_handler
    defsig_general.o(.text) refers to sys_wrch.o(.text) for _ttywrch
    sys_wrch.o(.text) refers (Special) to use_no_semi.o(.text) for __I$use$semihosting
    sys_wrch.o(.text) refers (Special) to indicate_semi.o(.text) for __semihosting_library_function
    defsig.o(CL$$defsig) refers to defsig_fpe_inner.o(.text) for __rt_SIGFPE_inner
    defsig.o(CL$$defsig) refers to defsig_rtmem_inner.o(.text) for __rt_SIGRTMEM_inner
    _get_argv_nomalloc.o(.text) refers (Special) to hrguard.o(.text) for __heap_region$guard
    _get_argv_nomalloc.o(.text) refers to defsig_rtmem_outer.o(.text) for __rt_SIGRTMEM
    _get_argv_nomalloc.o(.text) refers to sys_command.o(.text) for _sys_command_string
    libshutdown.o(.ARM.Collect$$libshutdown$$00000000) refers (Special) to libshutdown2.o(.ARM.Collect$$libshutdown$$00000002) for __rt_lib_shutdown_cpp_1
    libshutdown.o(.ARM.Collect$$libshutdown$$00000000) refers (Special) to libshutdown2.o(.ARM.Collect$$libshutdown$$00000007) for __rt_lib_shutdown_fp_trap_1
    libshutdown.o(.ARM.Collect$$libshutdown$$00000000) refers (Special) to libshutdown2.o(.ARM.Collect$$libshutdown$$0000000F) for __rt_lib_shutdown_heap_1
    libshutdown.o(.ARM.Collect$$libshutdown$$00000000) refers (Special) to libshutdown2.o(.ARM.Collect$$libshutdown$$00000010) for __rt_lib_shutdown_return
    libshutdown.o(.ARM.Collect$$libshutdown$$00000000) refers (Special) to libshutdown2.o(.ARM.Collect$$libshutdown$$0000000A) for __rt_lib_shutdown_signal_1
    libshutdown.o(.ARM.Collect$$libshutdown$$00000000) refers (Special) to libshutdown2.o(.ARM.Collect$$libshutdown$$00000004) for __rt_lib_shutdown_stdio_1
    libshutdown.o(.ARM.Collect$$libshutdown$$00000000) refers (Special) to libshutdown2.o(.ARM.Collect$$libshutdown$$0000000C) for __rt_lib_shutdown_user_alloc_1
    sys_command.o(.text) refers (Special) to use_no_semi.o(.text) for __I$use$semihosting
    sys_command.o(.text) refers (Special) to indicate_semi.o(.text) for __semihosting_library_function
    defsig_abrt_inner.o(.text) refers to defsig_general.o(.text) for __default_signal_display
    defsig_rtred_inner.o(.text) refers to defsig_general.o(.text) for __default_signal_display
    defsig_rtmem_inner.o(.text) refers to defsig_general.o(.text) for __default_signal_display
    defsig_rtmem_outer.o(.text) refers to defsig_rtmem_inner.o(.text) for __rt_SIGRTMEM_inner
    defsig_rtmem_outer.o(.text) refers to defsig_exit.o(.text) for __sig_exit
    defsig_rtmem_formal.o(.text) refers to rt_raise.o(.text) for __rt_raise
    defsig_stak_inner.o(.text) refers to defsig_general.o(.text) for __default_signal_display
    defsig_pvfn_inner.o(.text) refers to defsig_general.o(.text) for __default_signal_display
    defsig_cppl_inner.o(.text) refers to defsig_general.o(.text) for __default_signal_display
    defsig_segv_inner.o(.text) refers to defsig_general.o(.text) for __default_signal_display
    defsig_other.o(.text) refers to defsig_general.o(.text) for __default_signal_display


==============================================================================

Removing Unused input sections from the image.

    Removing key.o(.rev16_text), (4 bytes).
    Removing key.o(.revsh_text), (4 bytes).
    Removing main.o(.rev16_text), (4 bytes).
    Removing main.o(.revsh_text), (4 bytes).
    Removing rfid.o(.rev16_text), (4 bytes).
    Removing rfid.o(.revsh_text), (4 bytes).
    Removing spi.o(.rev16_text), (4 bytes).
    Removing spi.o(.revsh_text), (4 bytes).
    Removing systick.o(.rev16_text), (4 bytes).
    Removing systick.o(.revsh_text), (4 bytes).
    Removing systick.o(i.SysTick_change_frequency), (28 bytes).
    Removing uart.o(.rev16_text), (4 bytes).
    Removing uart.o(.revsh_text), (4 bytes).
    Removing uart.o(i.UART1_init), (164 bytes).
    Removing uart.o(i.UART_get), (148 bytes).
    Removing system_mkl46z4.o(.rev16_text), (4 bytes).
    Removing system_mkl46z4.o(.revsh_text), (4 bytes).

17 unused section(s) (total 396 bytes) removed from the image.

==============================================================================

Image Symbol Table

    Local Symbols

    Symbol Name                              Value     Ov Type        Size  Object(Section)

    RESET                                    0x00000000   Section      192  startup_mkl46z4.o(RESET)
    ../clib/angel/boardlib.s                 0x00000000   Number         0  boardinit3.o ABSOLUTE
    ../clib/angel/boardlib.s                 0x00000000   Number         0  boardinit2.o ABSOLUTE
    ../clib/angel/boardlib.s                 0x00000000   Number         0  boardshut.o ABSOLUTE
    ../clib/angel/boardlib.s                 0x00000000   Number         0  boardinit1.o ABSOLUTE
    ../clib/angel/handlers.s                 0x00000000   Number         0  __scatter_zi.o ABSOLUTE
    ../clib/angel/handlers.s                 0x00000000   Number         0  __scatter_copy.o ABSOLUTE
    ../clib/angel/kernel.s                   0x00000000   Number         0  rtexit2.o ABSOLUTE
    ../clib/angel/kernel.s                   0x00000000   Number         0  __rtentry2.o ABSOLUTE
    ../clib/angel/kernel.s                   0x00000000   Number         0  rtexit.o ABSOLUTE
    ../clib/angel/kernel.s                   0x00000000   Number         0  __rtentry4.o ABSOLUTE
    ../clib/angel/kernel.s                   0x00000000   Number         0  __rtentry.o ABSOLUTE
    ../clib/angel/rt.s                       0x00000000   Number         0  rt_raise.o ABSOLUTE
    ../clib/angel/rt.s                       0x00000000   Number         0  aeabi_idiv0.o ABSOLUTE
    ../clib/angel/rt.s                       0x00000000   Number         0  aeabi_idiv0_sigfpe.o ABSOLUTE
    ../clib/angel/rt.s                       0x00000000   Number         0  rt_div0.o ABSOLUTE
    ../clib/angel/scatterp.s                 0x00000000   Number         0  __scatter.o ABSOLUTE
    ../clib/angel/startup.s                  0x00000000   Number         0  __main.o ABSOLUTE
    ../clib/angel/sys.s                      0x00000000   Number         0  sys_stackheap_outer.o ABSOLUTE
    ../clib/angel/sys.s                      0x00000000   Number         0  libspace.o ABSOLUTE
    ../clib/angel/sys.s                      0x00000000   Number         0  indicate_semi.o ABSOLUTE
    ../clib/angel/sys.s                      0x00000000   Number         0  use_no_semi.o ABSOLUTE
    ../clib/angel/sys.s                      0x00000000   Number         0  tempstk.o ABSOLUTE
    ../clib/angel/sysapp.c                   0x00000000   Number         0  sys_command.o ABSOLUTE
    ../clib/angel/sysapp.c                   0x00000000   Number         0  sys_wrch.o ABSOLUTE
    ../clib/angel/sysapp.c                   0x00000000   Number         0  sys_exit.o ABSOLUTE
    ../clib/armsys.c                         0x00000000   Number         0  no_argv.o ABSOLUTE
    ../clib/armsys.c                         0x00000000   Number         0  _get_argv_nomalloc.o ABSOLUTE
    ../clib/armsys.c                         0x00000000   Number         0  argv_veneer.o ABSOLUTE
    ../clib/division.s                       0x00000000   Number         0  aeabi_sdiv.o ABSOLUTE
    ../clib/division.s                       0x00000000   Number         0  aeabi_sdiv_div0.o ABSOLUTE
    ../clib/heapalloc.c                      0x00000000   Number         0  hrguard.o ABSOLUTE
    ../clib/heapaux.c                        0x00000000   Number         0  heapauxi.o ABSOLUTE
    ../clib/libinit.s                        0x00000000   Number         0  libinit.o ABSOLUTE
    ../clib/libinit.s                        0x00000000   Number         0  libshutdown2.o ABSOLUTE
    ../clib/libinit.s                        0x00000000   Number         0  libinit2.o ABSOLUTE
    ../clib/libinit.s                        0x00000000   Number         0  libshutdown.o ABSOLUTE
    ../clib/signal.c                         0x00000000   Number         0  defsig_rtmem_outer.o ABSOLUTE
    ../clib/signal.c                         0x00000000   Number         0  defsig_rtmem_formal.o ABSOLUTE
    ../clib/signal.c                         0x00000000   Number         0  defsig_stak_inner.o ABSOLUTE
    ../clib/signal.c                         0x00000000   Number         0  defsig_pvfn_inner.o ABSOLUTE
    ../clib/signal.c                         0x00000000   Number         0  defsig_cppl_inner.o ABSOLUTE
    ../clib/signal.c                         0x00000000   Number         0  defsig_segv_inner.o ABSOLUTE
    ../clib/signal.c                         0x00000000   Number         0  defsig_other.o ABSOLUTE
    ../clib/signal.c                         0x00000000   Number         0  defsig_abrt_inner.o ABSOLUTE
    ../clib/signal.c                         0x00000000   Number         0  defsig_fpe_outer.o ABSOLUTE
    ../clib/signal.c                         0x00000000   Number         0  defsig_fpe_formal.o ABSOLUTE
    ../clib/signal.c                         0x00000000   Number         0  defsig_exit.o ABSOLUTE
    ../clib/signal.c                         0x00000000   Number         0  defsig_fpe_inner.o ABSOLUTE
    ../clib/signal.c                         0x00000000   Number         0  __raise.o ABSOLUTE
    ../clib/signal.c                         0x00000000   Number         0  defsig_general.o ABSOLUTE
    ../clib/signal.c                         0x00000000   Number         0  defsig_rtred_inner.o ABSOLUTE
    ../clib/signal.c                         0x00000000   Number         0  defsig_rtmem_inner.o ABSOLUTE
    ../clib/signal.s                         0x00000000   Number         0  defsig.o ABSOLUTE
    ../clib/stdlib.c                         0x00000000   Number         0  exit.o ABSOLUTE
    ../clib/string.c                         0x00000000   Number         0  strlen.o ABSOLUTE
    ../fplib/cfplib/fpinit.c                 0x00000000   Number         0  fpinit.o ABSOLUTE
    RFID.c                                   0x00000000   Number         0  rfid.o ABSOLUTE
    RFID.c                                   0x00000000   Number         0  rfid.o ABSOLUTE
    RTE\Device\MKL46Z256xxx4\startup_MKL46Z4.s 0x00000000   Number         0  startup_mkl46z4.o ABSOLUTE
    RTE\Device\MKL46Z256xxx4\system_MKL46Z4.c 0x00000000   Number         0  system_mkl46z4.o ABSOLUTE
    RTE\\Device\\MKL46Z256xxx4\\system_MKL46Z4.c 0x00000000   Number         0  system_mkl46z4.o ABSOLUTE
    SPI.c                                    0x00000000   Number         0  spi.o ABSOLUTE
    SPI.c                                    0x00000000   Number         0  spi.o ABSOLUTE
    SysTick.c                                0x00000000   Number         0  systick.o ABSOLUTE
    SysTick.c                                0x00000000   Number         0  systick.o ABSOLUTE
    UART.c                                   0x00000000   Number         0  uart.o ABSOLUTE
    UART.c                                   0x00000000   Number         0  uart.o ABSOLUTE
    dc.s                                     0x00000000   Number         0  dc.o ABSOLUTE
    key.c                                    0x00000000   Number         0  key.o ABSOLUTE
    key.c                                    0x00000000   Number         0  key.o ABSOLUTE
    main.c                                   0x00000000   Number         0  main.o ABSOLUTE
    main.c                                   0x00000000   Number         0  main.o ABSOLUTE
    !!!main                                  0x000000c0   Section        8  __main.o(!!!main)
    !!!scatter                               0x000000c8   Section       60  __scatter.o(!!!scatter)
    !!handler_copy                           0x00000104   Section       26  __scatter_copy.o(!!handler_copy)
    !!handler_zi                             0x00000120   Section       28  __scatter_zi.o(!!handler_zi)
    .ARM.Collect$$libinit$$00000000          0x0000013c   Section        2  libinit.o(.ARM.Collect$$libinit$$00000000)
    .ARM.Collect$$libinit$$00000002          0x0000013e   Section        0  libinit2.o(.ARM.Collect$$libinit$$00000002)
    .ARM.Collect$$libinit$$00000004          0x0000013e   Section        0  libinit2.o(.ARM.Collect$$libinit$$00000004)
    .ARM.Collect$$libinit$$0000000A          0x0000013e   Section        0  libinit2.o(.ARM.Collect$$libinit$$0000000A)
    .ARM.Collect$$libinit$$0000000C          0x0000013e   Section        0  libinit2.o(.ARM.Collect$$libinit$$0000000C)
    .ARM.Collect$$libinit$$0000000E          0x0000013e   Section        0  libinit2.o(.ARM.Collect$$libinit$$0000000E)
    .ARM.Collect$$libinit$$00000011          0x0000013e   Section        0  libinit2.o(.ARM.Collect$$libinit$$00000011)
    .ARM.Collect$$libinit$$00000013          0x0000013e   Section        0  libinit2.o(.ARM.Collect$$libinit$$00000013)
    .ARM.Collect$$libinit$$00000015          0x0000013e   Section        0  libinit2.o(.ARM.Collect$$libinit$$00000015)
    .ARM.Collect$$libinit$$00000017          0x0000013e   Section        0  libinit2.o(.ARM.Collect$$libinit$$00000017)
    .ARM.Collect$$libinit$$00000019          0x0000013e   Section        0  libinit2.o(.ARM.Collect$$libinit$$00000019)
    .ARM.Collect$$libinit$$0000001B          0x0000013e   Section        0  libinit2.o(.ARM.Collect$$libinit$$0000001B)
    .ARM.Collect$$libinit$$0000001D          0x0000013e   Section        0  libinit2.o(.ARM.Collect$$libinit$$0000001D)
    .ARM.Collect$$libinit$$0000001F          0x0000013e   Section        0  libinit2.o(.ARM.Collect$$libinit$$0000001F)
    .ARM.Collect$$libinit$$00000021          0x0000013e   Section        0  libinit2.o(.ARM.Collect$$libinit$$00000021)
    .ARM.Collect$$libinit$$00000023          0x0000013e   Section        0  libinit2.o(.ARM.Collect$$libinit$$00000023)
    .ARM.Collect$$libinit$$00000025          0x0000013e   Section        0  libinit2.o(.ARM.Collect$$libinit$$00000025)
    .ARM.Collect$$libinit$$0000002C          0x0000013e   Section        0  libinit2.o(.ARM.Collect$$libinit$$0000002C)
    .ARM.Collect$$libinit$$0000002E          0x0000013e   Section        0  libinit2.o(.ARM.Collect$$libinit$$0000002E)
    .ARM.Collect$$libinit$$00000030          0x0000013e   Section        0  libinit2.o(.ARM.Collect$$libinit$$00000030)
    .ARM.Collect$$libinit$$00000032          0x0000013e   Section        0  libinit2.o(.ARM.Collect$$libinit$$00000032)
    .ARM.Collect$$libinit$$00000033          0x0000013e   Section        2  libinit2.o(.ARM.Collect$$libinit$$00000033)
    .ARM.Collect$$libshutdown$$00000000      0x00000140   Section        2  libshutdown.o(.ARM.Collect$$libshutdown$$00000000)
    .ARM.Collect$$libshutdown$$00000002      0x00000142   Section        0  libshutdown2.o(.ARM.Collect$$libshutdown$$00000002)
    .ARM.Collect$$libshutdown$$00000004      0x00000142   Section        0  libshutdown2.o(.ARM.Collect$$libshutdown$$00000004)
    .ARM.Collect$$libshutdown$$00000007      0x00000142   Section        0  libshutdown2.o(.ARM.Collect$$libshutdown$$00000007)
    .ARM.Collect$$libshutdown$$0000000A      0x00000142   Section        0  libshutdown2.o(.ARM.Collect$$libshutdown$$0000000A)
    .ARM.Collect$$libshutdown$$0000000C      0x00000142   Section        0  libshutdown2.o(.ARM.Collect$$libshutdown$$0000000C)
    .ARM.Collect$$libshutdown$$0000000F      0x00000142   Section        0  libshutdown2.o(.ARM.Collect$$libshutdown$$0000000F)
    .ARM.Collect$$libshutdown$$00000010      0x00000142   Section        2  libshutdown2.o(.ARM.Collect$$libshutdown$$00000010)
    .ARM.Collect$$rtentry$$00000000          0x00000144   Section        0  __rtentry.o(.ARM.Collect$$rtentry$$00000000)
    .ARM.Collect$$rtentry$$00000002          0x00000144   Section        0  __rtentry2.o(.ARM.Collect$$rtentry$$00000002)
    .ARM.Collect$$rtentry$$00000004          0x00000144   Section        6  __rtentry4.o(.ARM.Collect$$rtentry$$00000004)
    .ARM.Collect$$rtentry$$00000009          0x0000014a   Section        0  __rtentry2.o(.ARM.Collect$$rtentry$$00000009)
    .ARM.Collect$$rtentry$$0000000A          0x0000014a   Section        4  __rtentry2.o(.ARM.Collect$$rtentry$$0000000A)
    .ARM.Collect$$rtentry$$0000000C          0x0000014e   Section        0  __rtentry2.o(.ARM.Collect$$rtentry$$0000000C)
    .ARM.Collect$$rtentry$$0000000D          0x0000014e   Section        8  __rtentry2.o(.ARM.Collect$$rtentry$$0000000D)
    .ARM.Collect$$rtexit$$00000000           0x00000156   Section        2  rtexit.o(.ARM.Collect$$rtexit$$00000000)
    .ARM.Collect$$rtexit$$00000002           0x00000158   Section        0  rtexit2.o(.ARM.Collect$$rtexit$$00000002)
    .ARM.Collect$$rtexit$$00000003           0x00000158   Section        4  rtexit2.o(.ARM.Collect$$rtexit$$00000003)
    .ARM.Collect$$rtexit$$00000004           0x0000015c   Section        6  rtexit2.o(.ARM.Collect$$rtexit$$00000004)
    .text                                    0x00000164   Section       52  startup_mkl46z4.o(.text)
    .text                                    0x00000198   Section        0  strlen.o(.text)
    .text                                    0x000001dc   Section      346  aeabi_sdiv.o(.text)
    .text                                    0x00000336   Section        0  heapauxi.o(.text)
    .text                                    0x0000033c   Section       62  sys_stackheap_outer.o(.text)
    .text                                    0x0000037a   Section        0  exit.o(.text)
    .text                                    0x0000038c   Section        8  libspace.o(.text)
    .text                                    0x00000394   Section        0  sys_exit.o(.text)
    .text                                    0x000003a0   Section        2  use_no_semi.o(.text)
    .text                                    0x000003a2   Section        0  indicate_semi.o(.text)
    i.CRLF                                   0x000003a4   Section        0  main.o(i.CRLF)
    i.NVIC_ClearPendingIRQ                   0x000003b8   Section        0  uart.o(i.NVIC_ClearPendingIRQ)
    NVIC_ClearPendingIRQ                     0x000003b9   Thumb Code    14  uart.o(i.NVIC_ClearPendingIRQ)
    i.NVIC_EnableIRQ                         0x000003cc   Section        0  uart.o(i.NVIC_EnableIRQ)
    NVIC_EnableIRQ                           0x000003cd   Thumb Code    14  uart.o(i.NVIC_EnableIRQ)
    i.RFID_get_serial_number                 0x000003e0   Section        0  rfid.o(i.RFID_get_serial_number)
    .ARM.__at_0x400                          0x00000400   Section       16  startup_mkl46z4.o(.ARM.__at_0x400)
    i.NVIC_SetPriority                       0x00000410   Section        0  systick.o(i.NVIC_SetPriority)
    NVIC_SetPriority                         0x00000411   Thumb Code   110  systick.o(i.NVIC_SetPriority)
    i.NVIC_SetPriority                       0x00000488   Section        0  uart.o(i.NVIC_SetPriority)
    NVIC_SetPriority                         0x00000489   Thumb Code   110  uart.o(i.NVIC_SetPriority)
    i.RC522_read                             0x00000500   Section        0  rfid.o(i.RC522_read)
    i.RC522_to_card                          0x00000544   Section        0  rfid.o(i.RC522_to_card)
    i.RC522_write                            0x00000694   Section        0  rfid.o(i.RC522_write)
    i.RFID_add_card_to_database              0x000006d0   Section        0  rfid.o(i.RFID_add_card_to_database)
    i.RFID_delete_card_from_database         0x00000748   Section        0  rfid.o(i.RFID_delete_card_from_database)
    i.RFID_init                              0x000007a4   Section        0  rfid.o(i.RFID_init)
    i.RFID_read_card                         0x00000844   Section        0  rfid.o(i.RFID_read_card)
    i.RFID_request                           0x0000088c   Section        0  rfid.o(i.RFID_request)
    i.RFID_search_database                   0x000008c4   Section        0  rfid.o(i.RFID_search_database)
    i.RFID_show_database                     0x00000910   Section        0  rfid.o(i.RFID_show_database)
    i.SPI_init                               0x0000095c   Section        0  spi.o(i.SPI_init)
    i.SPI_transmit                           0x000009f8   Section        0  spi.o(i.SPI_transmit)
    i.SysTick_Config                         0x00000a1c   Section        0  systick.o(i.SysTick_Config)
    SysTick_Config                           0x00000a1d   Thumb Code    44  systick.o(i.SysTick_Config)
    i.SysTick_Handler                        0x00000a50   Section        0  main.o(i.SysTick_Handler)
    i.SysTick_init                           0x00000ad4   Section        0  systick.o(i.SysTick_init)
    i.SystemCoreClockUpdate                  0x00000af4   Section        0  system_mkl46z4.o(i.SystemCoreClockUpdate)
    i.SystemInit                             0x00000c50   Section        0  system_mkl46z4.o(i.SystemInit)
    i.UART1_IRQHandler                       0x00000d20   Section        0  uart.o(i.UART1_IRQHandler)
    i.UART2_IRQHandler                       0x00000de0   Section        0  uart.o(i.UART2_IRQHandler)
    i.UART2_init                             0x00000eb4   Section        0  uart.o(i.UART2_init)
    i.UART_GPIO_init                         0x00000f5c   Section        0  uart.o(i.UART_GPIO_init)
    i.UART_send                              0x00000f74   Section        0  uart.o(i.UART_send)
    i.UART_send_int                          0x00001024   Section        0  uart.o(i.UART_send_int)
    i.__ARM_common_switch8                   0x0000103c   Section        0  system_mkl46z4.o(i.__ARM_common_switch8)
    i.debounce_1khz                          0x00001058   Section        0  key.o(i.debounce_1khz)
    i.int2string                             0x000011d2   Section        0  uart.o(i.int2string)
    i.key_event                              0x00001240   Section        0  main.o(i.key_event)
    i.key_init                               0x00001250   Section        0  key.o(i.key_init)
    i.main                                   0x000012f4   Section        0  main.o(i.main)
    i.push                                   0x0000149c   Section        0  key.o(i.push)
    .data                                    0x1fffe000   Section       16  main.o(.data)
    .data                                    0x1fffe010   Section       12  uart.o(.data)
    cnt                                      0x1fffe019   Data           1  uart.o(.data)
    cnt                                      0x1fffe01a   Data           2  uart.o(.data)
    .data                                    0x1fffe01c   Section        4  system_mkl46z4.o(.data)
    .bss                                     0x1fffe020   Section       96  main.o(.bss)
    .bss                                     0x1fffe080   Section      432  rfid.o(.bss)
    .bss                                     0x1fffe230   Section      512  uart.o(.bss)
    .bss                                     0x1fffe430   Section       96  libspace.o(.bss)
    HEAP                                     0x1fffe490   Section        0  startup_mkl46z4.o(HEAP)
    STACK                                    0x1fffe490   Section      256  startup_mkl46z4.o(STACK)
    Heap_Mem                                 0x1fffe490   Data           0  startup_mkl46z4.o(HEAP)
    Stack_Mem                                0x1fffe490   Data         256  startup_mkl46z4.o(STACK)
    __initial_sp                             0x1fffe590   Data           0  startup_mkl46z4.o(STACK)

    Global Symbols

    Symbol Name                              Value     Ov Type        Size  Object(Section)

    BuildAttributes$$THM_ISAv3M$S$PE$A:L22$X:L11$S22$IEEE1$IW$USESV6$~STKCKD$USESV7$~SHL$OSPACE$ROPI$EBA8$UX$STANDARDLIB$REQ8$PRES8$EABIv2 0x00000000   Number         0  anon$$obj.o ABSOLUTE
    __ARM_use_no_argv                        0x00000000   Number         0  main.o ABSOLUTE
    __Vectors                                0x00000000   Data           4  startup_mkl46z4.o(RESET)
    __ARM_exceptions_init                     - Undefined Weak Reference
    __alloca_initialize                       - Undefined Weak Reference
    __arm_preinit_                            - Undefined Weak Reference
    __cpp_initialize__aeabi_                  - Undefined Weak Reference
    __cxa_finalize                            - Undefined Weak Reference
    __rt_locale                               - Undefined Weak Reference
    __sigvec_lookup                           - Undefined Weak Reference
    _atexit_init                              - Undefined Weak Reference
    _call_atexit_fns                          - Undefined Weak Reference
    _clock_init                               - Undefined Weak Reference
    _fp_trap_init                             - Undefined Weak Reference
    _fp_trap_shutdown                         - Undefined Weak Reference
    _get_lc_collate                           - Undefined Weak Reference
    _get_lc_ctype                             - Undefined Weak Reference
    _get_lc_monetary                          - Undefined Weak Reference
    _get_lc_numeric                           - Undefined Weak Reference
    _get_lc_time                              - Undefined Weak Reference
    _getenv_init                              - Undefined Weak Reference
    _handle_redirection                       - Undefined Weak Reference
    _init_alloc                               - Undefined Weak Reference
    _init_user_alloc                          - Undefined Weak Reference
    _initio                                   - Undefined Weak Reference
    _rand_init                                - Undefined Weak Reference
    _signal_finish                            - Undefined Weak Reference
    _signal_init                              - Undefined Weak Reference
    _terminate_alloc                          - Undefined Weak Reference
    _terminate_user_alloc                     - Undefined Weak Reference
    _terminateio                              - Undefined Weak Reference
    __Vectors_End                            0x000000c0   Data           0  startup_mkl46z4.o(RESET)
    __Vectors_Size                           0x000000c0   Number         0  startup_mkl46z4.o ABSOLUTE
    __main                                   0x000000c1   Thumb Code     8  __main.o(!!!main)
    __scatterload                            0x000000c9   Thumb Code     0  __scatter.o(!!!scatter)
    __scatterload_rt2                        0x000000c9   Thumb Code    52  __scatter.o(!!!scatter)
    __scatterload_rt2_thumb_only             0x000000c9   Thumb Code     0  __scatter.o(!!!scatter)
    __scatterload_null                       0x000000d9   Thumb Code     0  __scatter.o(!!!scatter)
    __scatterload_copy                       0x00000105   Thumb Code    26  __scatter_copy.o(!!handler_copy)
    __scatterload_zeroinit                   0x00000121   Thumb Code    28  __scatter_zi.o(!!handler_zi)
    __rt_lib_init                            0x0000013d   Thumb Code     0  libinit.o(.ARM.Collect$$libinit$$00000000)
    __rt_lib_init_alloca_1                   0x0000013f   Thumb Code     0  libinit2.o(.ARM.Collect$$libinit$$0000002E)
    __rt_lib_init_argv_1                     0x0000013f   Thumb Code     0  libinit2.o(.ARM.Collect$$libinit$$0000002C)
    __rt_lib_init_atexit_1                   0x0000013f   Thumb Code     0  libinit2.o(.ARM.Collect$$libinit$$0000001B)
    __rt_lib_init_clock_1                    0x0000013f   Thumb Code     0  libinit2.o(.ARM.Collect$$libinit$$00000021)
    __rt_lib_init_cpp_1                      0x0000013f   Thumb Code     0  libinit2.o(.ARM.Collect$$libinit$$00000032)
    __rt_lib_init_exceptions_1               0x0000013f   Thumb Code     0  libinit2.o(.ARM.Collect$$libinit$$00000030)
    __rt_lib_init_fp_1                       0x0000013f   Thumb Code     0  libinit2.o(.ARM.Collect$$libinit$$00000002)
    __rt_lib_init_fp_trap_1                  0x0000013f   Thumb Code     0  libinit2.o(.ARM.Collect$$libinit$$0000001F)
    __rt_lib_init_getenv_1                   0x0000013f   Thumb Code     0  libinit2.o(.ARM.Collect$$libinit$$00000023)
    __rt_lib_init_heap_1                     0x0000013f   Thumb Code     0  libinit2.o(.ARM.Collect$$libinit$$0000000A)
    __rt_lib_init_lc_collate_1               0x0000013f   Thumb Code     0  libinit2.o(.ARM.Collect$$libinit$$00000011)
    __rt_lib_init_lc_ctype_1                 0x0000013f   Thumb Code     0  libinit2.o(.ARM.Collect$$libinit$$00000013)
    __rt_lib_init_lc_monetary_1              0x0000013f   Thumb Code     0  libinit2.o(.ARM.Collect$$libinit$$00000015)
    __rt_lib_init_lc_numeric_1               0x0000013f   Thumb Code     0  libinit2.o(.ARM.Collect$$libinit$$00000017)
    __rt_lib_init_lc_time_1                  0x0000013f   Thumb Code     0  libinit2.o(.ARM.Collect$$libinit$$00000019)
    __rt_lib_init_preinit_1                  0x0000013f   Thumb Code     0  libinit2.o(.ARM.Collect$$libinit$$00000004)
    __rt_lib_init_rand_1                     0x0000013f   Thumb Code     0  libinit2.o(.ARM.Collect$$libinit$$0000000E)
    __rt_lib_init_return                     0x0000013f   Thumb Code     0  libinit2.o(.ARM.Collect$$libinit$$00000033)
    __rt_lib_init_signal_1                   0x0000013f   Thumb Code     0  libinit2.o(.ARM.Collect$$libinit$$0000001D)
    __rt_lib_init_stdio_1                    0x0000013f   Thumb Code     0  libinit2.o(.ARM.Collect$$libinit$$00000025)
    __rt_lib_init_user_alloc_1               0x0000013f   Thumb Code     0  libinit2.o(.ARM.Collect$$libinit$$0000000C)
    __rt_lib_shutdown                        0x00000141   Thumb Code     0  libshutdown.o(.ARM.Collect$$libshutdown$$00000000)
    __rt_lib_shutdown_cpp_1                  0x00000143   Thumb Code     0  libshutdown2.o(.ARM.Collect$$libshutdown$$00000002)
    __rt_lib_shutdown_fp_trap_1              0x00000143   Thumb Code     0  libshutdown2.o(.ARM.Collect$$libshutdown$$00000007)
    __rt_lib_shutdown_heap_1                 0x00000143   Thumb Code     0  libshutdown2.o(.ARM.Collect$$libshutdown$$0000000F)
    __rt_lib_shutdown_return                 0x00000143   Thumb Code     0  libshutdown2.o(.ARM.Collect$$libshutdown$$00000010)
    __rt_lib_shutdown_signal_1               0x00000143   Thumb Code     0  libshutdown2.o(.ARM.Collect$$libshutdown$$0000000A)
    __rt_lib_shutdown_stdio_1                0x00000143   Thumb Code     0  libshutdown2.o(.ARM.Collect$$libshutdown$$00000004)
    __rt_lib_shutdown_user_alloc_1           0x00000143   Thumb Code     0  libshutdown2.o(.ARM.Collect$$libshutdown$$0000000C)
    __rt_entry                               0x00000145   Thumb Code     0  __rtentry.o(.ARM.Collect$$rtentry$$00000000)
    __rt_entry_presh_1                       0x00000145   Thumb Code     0  __rtentry2.o(.ARM.Collect$$rtentry$$00000002)
    __rt_entry_sh                            0x00000145   Thumb Code     0  __rtentry4.o(.ARM.Collect$$rtentry$$00000004)
    __rt_entry_li                            0x0000014b   Thumb Code     0  __rtentry2.o(.ARM.Collect$$rtentry$$0000000A)
    __rt_entry_postsh_1                      0x0000014b   Thumb Code     0  __rtentry2.o(.ARM.Collect$$rtentry$$00000009)
    __rt_entry_main                          0x0000014f   Thumb Code     0  __rtentry2.o(.ARM.Collect$$rtentry$$0000000D)
    __rt_entry_postli_1                      0x0000014f   Thumb Code     0  __rtentry2.o(.ARM.Collect$$rtentry$$0000000C)
    __rt_exit                                0x00000157   Thumb Code     0  rtexit.o(.ARM.Collect$$rtexit$$00000000)
    __rt_exit_ls                             0x00000159   Thumb Code     0  rtexit2.o(.ARM.Collect$$rtexit$$00000003)
    __rt_exit_prels_1                        0x00000159   Thumb Code     0  rtexit2.o(.ARM.Collect$$rtexit$$00000002)
    __rt_exit_exit                           0x0000015d   Thumb Code     0  rtexit2.o(.ARM.Collect$$rtexit$$00000004)
    Reset_Handler                            0x00000165   Thumb Code     8  startup_mkl46z4.o(.text)
    NMI_Handler                              0x0000016d   Thumb Code     2  startup_mkl46z4.o(.text)
    HardFault_Handler                        0x0000016f   Thumb Code     2  startup_mkl46z4.o(.text)
    SVC_Handler                              0x00000171   Thumb Code     2  startup_mkl46z4.o(.text)
    PendSV_Handler                           0x00000173   Thumb Code     2  startup_mkl46z4.o(.text)
    ADC0_IRQHandler                          0x00000177   Thumb Code     0  startup_mkl46z4.o(.text)
    CMP0_IRQHandler                          0x00000177   Thumb Code     0  startup_mkl46z4.o(.text)
    DAC0_IRQHandler                          0x00000177   Thumb Code     0  startup_mkl46z4.o(.text)
    DMA0_IRQHandler                          0x00000177   Thumb Code     0  startup_mkl46z4.o(.text)
    DMA1_IRQHandler                          0x00000177   Thumb Code     0  startup_mkl46z4.o(.text)
    DMA2_IRQHandler                          0x00000177   Thumb Code     0  startup_mkl46z4.o(.text)
    DMA3_IRQHandler                          0x00000177   Thumb Code     0  startup_mkl46z4.o(.text)
    DefaultISR                               0x00000177   Thumb Code     0  startup_mkl46z4.o(.text)
    FTFA_IRQHandler                          0x00000177   Thumb Code     0  startup_mkl46z4.o(.text)
    I2C0_IRQHandler                          0x00000177   Thumb Code     0  startup_mkl46z4.o(.text)
    I2C1_IRQHandler                          0x00000177   Thumb Code     0  startup_mkl46z4.o(.text)
    I2S0_IRQHandler                          0x00000177   Thumb Code     0  startup_mkl46z4.o(.text)
    LCD_IRQHandler                           0x00000177   Thumb Code     0  startup_mkl46z4.o(.text)
    LLW_IRQHandler                           0x00000177   Thumb Code     0  startup_mkl46z4.o(.text)
    LPTimer_IRQHandler                       0x00000177   Thumb Code     0  startup_mkl46z4.o(.text)
    LVD_LVW_IRQHandler                       0x00000177   Thumb Code     0  startup_mkl46z4.o(.text)
    MCG_IRQHandler                           0x00000177   Thumb Code     0  startup_mkl46z4.o(.text)
    PIT_IRQHandler                           0x00000177   Thumb Code     0  startup_mkl46z4.o(.text)
    PORTA_IRQHandler                         0x00000177   Thumb Code     0  startup_mkl46z4.o(.text)
    PORTC_PORTD_IRQHandler                   0x00000177   Thumb Code     0  startup_mkl46z4.o(.text)
    RTC_IRQHandler                           0x00000177   Thumb Code     0  startup_mkl46z4.o(.text)
    RTC_Seconds_IRQHandler                   0x00000177   Thumb Code     0  startup_mkl46z4.o(.text)
    Reserved20_IRQHandler                    0x00000177   Thumb Code     0  startup_mkl46z4.o(.text)
    SPI0_IRQHandler                          0x00000177   Thumb Code     0  startup_mkl46z4.o(.text)
    SPI1_IRQHandler                          0x00000177   Thumb Code     0  startup_mkl46z4.o(.text)
    TPM0_IRQHandler                          0x00000177   Thumb Code     0  startup_mkl46z4.o(.text)
    TPM1_IRQHandler                          0x00000177   Thumb Code     0  startup_mkl46z4.o(.text)
    TPM2_IRQHandler                          0x00000177   Thumb Code     0  startup_mkl46z4.o(.text)
    TSI0_IRQHandler                          0x00000177   Thumb Code     0  startup_mkl46z4.o(.text)
    UART0_IRQHandler                         0x00000177   Thumb Code     0  startup_mkl46z4.o(.text)
    USB0_IRQHandler                          0x00000177   Thumb Code     0  startup_mkl46z4.o(.text)
    __user_initial_stackheap                 0x00000179   Thumb Code     0  startup_mkl46z4.o(.text)
    strlen                                   0x00000199   Thumb Code    62  strlen.o(.text)
    __aeabi_uidiv                            0x000001dd   Thumb Code     0  aeabi_sdiv.o(.text)
    __aeabi_uidivmod                         0x000001dd   Thumb Code    20  aeabi_sdiv.o(.text)
    __aeabi_idiv                             0x000001f1   Thumb Code     0  aeabi_sdiv.o(.text)
    __aeabi_idivmod                          0x000001f1   Thumb Code   326  aeabi_sdiv.o(.text)
    __use_two_region_memory                  0x00000337   Thumb Code     2  heapauxi.o(.text)
    __rt_heap_escrow$2region                 0x00000339   Thumb Code     2  heapauxi.o(.text)
    __rt_heap_expand$2region                 0x0000033b   Thumb Code     2  heapauxi.o(.text)
    __user_setup_stackheap                   0x0000033d   Thumb Code    62  sys_stackheap_outer.o(.text)
    exit                                     0x0000037b   Thumb Code    16  exit.o(.text)
    __user_libspace                          0x0000038d   Thumb Code     8  libspace.o(.text)
    __user_perproc_libspace                  0x0000038d   Thumb Code     0  libspace.o(.text)
    __user_perthread_libspace                0x0000038d   Thumb Code     0  libspace.o(.text)
    _sys_exit                                0x00000395   Thumb Code     8  sys_exit.o(.text)
    __I$use$semihosting                      0x000003a1   Thumb Code     0  use_no_semi.o(.text)
    __use_no_semihosting_swi                 0x000003a1   Thumb Code     2  use_no_semi.o(.text)
    __semihosting_library_function           0x000003a3   Thumb Code     0  indicate_semi.o(.text)
    CRLF                                     0x000003a5   Thumb Code    12  main.o(i.CRLF)
    RFID_get_serial_number                   0x000003e1   Thumb Code    32  rfid.o(i.RFID_get_serial_number)
    RC522_read                               0x00000501   Thumb Code    62  rfid.o(i.RC522_read)
    RC522_to_card                            0x00000545   Thumb Code   336  rfid.o(i.RC522_to_card)
    RC522_write                              0x00000695   Thumb Code    54  rfid.o(i.RC522_write)
    RFID_add_card_to_database                0x000006d1   Thumb Code   116  rfid.o(i.RFID_add_card_to_database)
    RFID_delete_card_from_database           0x00000749   Thumb Code    88  rfid.o(i.RFID_delete_card_from_database)
    RFID_init                                0x000007a5   Thumb Code   146  rfid.o(i.RFID_init)
    RFID_read_card                           0x00000845   Thumb Code    72  rfid.o(i.RFID_read_card)
    RFID_request                             0x0000088d   Thumb Code    56  rfid.o(i.RFID_request)
    RFID_search_database                     0x000008c5   Thumb Code    72  rfid.o(i.RFID_search_database)
    RFID_show_database                       0x00000911   Thumb Code    70  rfid.o(i.RFID_show_database)
    SPI_init                                 0x0000095d   Thumb Code   138  spi.o(i.SPI_init)
    SPI_transmit                             0x000009f9   Thumb Code    32  spi.o(i.SPI_transmit)
    SysTick_Handler                          0x00000a51   Thumb Code   104  main.o(i.SysTick_Handler)
    SysTick_init                             0x00000ad5   Thumb Code    26  systick.o(i.SysTick_init)
    SystemCoreClockUpdate                    0x00000af5   Thumb Code   320  system_mkl46z4.o(i.SystemCoreClockUpdate)
    SystemInit                               0x00000c51   Thumb Code   180  system_mkl46z4.o(i.SystemInit)
    UART1_IRQHandler                         0x00000d21   Thumb Code   162  uart.o(i.UART1_IRQHandler)
    UART2_IRQHandler                         0x00000de1   Thumb Code   182  uart.o(i.UART2_IRQHandler)
    UART2_init                               0x00000eb5   Thumb Code   150  uart.o(i.UART2_init)
    UART_GPIO_init                           0x00000f5d   Thumb Code    22  uart.o(i.UART_GPIO_init)
    UART_send                                0x00000f75   Thumb Code   144  uart.o(i.UART_send)
    UART_send_int                            0x00001025   Thumb Code    24  uart.o(i.UART_send_int)
    __ARM_common_switch8                     0x0000103d   Thumb Code    28  system_mkl46z4.o(i.__ARM_common_switch8)
    debounce_1khz                            0x00001059   Thumb Code   378  key.o(i.debounce_1khz)
    int2string                               0x000011d3   Thumb Code   110  uart.o(i.int2string)
    key_event                                0x00001241   Thumb Code    12  main.o(i.key_event)
    key_init                                 0x00001251   Thumb Code   140  key.o(i.key_init)
    main                                     0x000012f5   Thumb Code   260  main.o(i.main)
    push                                     0x0000149d   Thumb Code    26  key.o(i.push)
    Region$$Table$$Base                      0x000014b8   Number         0  anon$$obj.o(Region$$Table)
    Region$$Table$$Limit                     0x000014d8   Number         0  anon$$obj.o(Region$$Table)
    sec1                                     0x1fffe000   Data           2  main.o(.data)
    sec5                                     0x1fffe002   Data           2  main.o(.data)
    sec2                                     0x1fffe004   Data           2  main.o(.data)
    sec3                                     0x1fffe006   Data           2  main.o(.data)
    soft_timer                               0x1fffe008   Data           2  main.o(.data)
    serial_number                            0x1fffe00a   Data           5  main.o(.data)
    a                                        0x1fffe00f   Data           1  main.o(.data)
    UART1_head                               0x1fffe010   Data           1  uart.o(.data)
    UART1_tail                               0x1fffe011   Data           1  uart.o(.data)
    UART1_receive_flag                       0x1fffe012   Data           1  uart.o(.data)
    UART2_head                               0x1fffe014   Data           2  uart.o(.data)
    UART2_tail                               0x1fffe016   Data           2  uart.o(.data)
    UART2_receive_flag                       0x1fffe018   Data           1  uart.o(.data)
    SystemCoreClock                          0x1fffe01c   Data           4  system_mkl46z4.o(.data)
    tab                                      0x1fffe020   Data          80  main.o(.bss)
    klawisz1                                 0x1fffe070   Data          16  main.o(.bss)
    MIFARE_CARD_DATABASE                     0x1fffe080   Data         432  rfid.o(.bss)
    UART1_TX_bufor                           0x1fffe230   Data         128  uart.o(.bss)
    UART1_RX_bufor                           0x1fffe2b0   Data         128  uart.o(.bss)
    UART2_TX_bufor                           0x1fffe330   Data         128  uart.o(.bss)
    UART2_RX_bufor                           0x1fffe3b0   Data         128  uart.o(.bss)
    __libspace_start                         0x1fffe430   Data          96  libspace.o(.bss)
    __temporary_stack_top$libspace           0x1fffe490   Data           0  libspace.o(.bss)



==============================================================================

Memory Map of the image

  Image Entry point : 0x000000c1

  Load Region LR_IROM1 (Base: 0x00000000, Size: 0x000014f8, Max: 0x00040000, ABSOLUTE)

    Execution Region ER_IROM1 (Base: 0x00000000, Size: 0x000014d8, Max: 0x00040000, ABSOLUTE)

    Base Addr    Size         Type   Attr      Idx    E Section Name        Object

    0x00000000   0x000000c0   Data   RO          368    RESET               startup_mkl46z4.o
    0x000000c0   0x00000008   Code   RO          420  * !!!main             c_p.l(__main.o)
    0x000000c8   0x0000003c   Code   RO          589    !!!scatter          c_p.l(__scatter.o)
    0x00000104   0x0000001a   Code   RO          591    !!handler_copy      c_p.l(__scatter_copy.o)
    0x0000011e   0x00000002   PAD
    0x00000120   0x0000001c   Code   RO          593    !!handler_zi        c_p.l(__scatter_zi.o)
    0x0000013c   0x00000002   Code   RO          458    .ARM.Collect$$libinit$$00000000  c_p.l(libinit.o)
    0x0000013e   0x00000000   Code   RO          472    .ARM.Collect$$libinit$$00000002  c_p.l(libinit2.o)
    0x0000013e   0x00000000   Code   RO          474    .ARM.Collect$$libinit$$00000004  c_p.l(libinit2.o)
    0x0000013e   0x00000000   Code   RO          477    .ARM.Collect$$libinit$$0000000A  c_p.l(libinit2.o)
    0x0000013e   0x00000000   Code   RO          479    .ARM.Collect$$libinit$$0000000C  c_p.l(libinit2.o)
    0x0000013e   0x00000000   Code   RO          481    .ARM.Collect$$libinit$$0000000E  c_p.l(libinit2.o)
    0x0000013e   0x00000000   Code   RO          484    .ARM.Collect$$libinit$$00000011  c_p.l(libinit2.o)
    0x0000013e   0x00000000   Code   RO          486    .ARM.Collect$$libinit$$00000013  c_p.l(libinit2.o)
    0x0000013e   0x00000000   Code   RO          488    .ARM.Collect$$libinit$$00000015  c_p.l(libinit2.o)
    0x0000013e   0x00000000   Code   RO          490    .ARM.Collect$$libinit$$00000017  c_p.l(libinit2.o)
    0x0000013e   0x00000000   Code   RO          492    .ARM.Collect$$libinit$$00000019  c_p.l(libinit2.o)
    0x0000013e   0x00000000   Code   RO          494    .ARM.Collect$$libinit$$0000001B  c_p.l(libinit2.o)
    0x0000013e   0x00000000   Code   RO          496    .ARM.Collect$$libinit$$0000001D  c_p.l(libinit2.o)
    0x0000013e   0x00000000   Code   RO          498    .ARM.Collect$$libinit$$0000001F  c_p.l(libinit2.o)
    0x0000013e   0x00000000   Code   RO          500    .ARM.Collect$$libinit$$00000021  c_p.l(libinit2.o)
    0x0000013e   0x00000000   Code   RO          502    .ARM.Collect$$libinit$$00000023  c_p.l(libinit2.o)
    0x0000013e   0x00000000   Code   RO          504    .ARM.Collect$$libinit$$00000025  c_p.l(libinit2.o)
    0x0000013e   0x00000000   Code   RO          508    .ARM.Collect$$libinit$$0000002C  c_p.l(libinit2.o)
    0x0000013e   0x00000000   Code   RO          510    .ARM.Collect$$libinit$$0000002E  c_p.l(libinit2.o)
    0x0000013e   0x00000000   Code   RO          512    .ARM.Collect$$libinit$$00000030  c_p.l(libinit2.o)
    0x0000013e   0x00000000   Code   RO          514    .ARM.Collect$$libinit$$00000032  c_p.l(libinit2.o)
    0x0000013e   0x00000002   Code   RO          515    .ARM.Collect$$libinit$$00000033  c_p.l(libinit2.o)
    0x00000140   0x00000002   Code   RO          546    .ARM.Collect$$libshutdown$$00000000  c_p.l(libshutdown.o)
    0x00000142   0x00000000   Code   RO          572    .ARM.Collect$$libshutdown$$00000002  c_p.l(libshutdown2.o)
    0x00000142   0x00000000   Code   RO          574    .ARM.Collect$$libshutdown$$00000004  c_p.l(libshutdown2.o)
    0x00000142   0x00000000   Code   RO          577    .ARM.Collect$$libshutdown$$00000007  c_p.l(libshutdown2.o)
    0x00000142   0x00000000   Code   RO          580    .ARM.Collect$$libshutdown$$0000000A  c_p.l(libshutdown2.o)
    0x00000142   0x00000000   Code   RO          582    .ARM.Collect$$libshutdown$$0000000C  c_p.l(libshutdown2.o)
    0x00000142   0x00000000   Code   RO          585    .ARM.Collect$$libshutdown$$0000000F  c_p.l(libshutdown2.o)
    0x00000142   0x00000002   Code   RO          586    .ARM.Collect$$libshutdown$$00000010  c_p.l(libshutdown2.o)
    0x00000144   0x00000000   Code   RO          422    .ARM.Collect$$rtentry$$00000000  c_p.l(__rtentry.o)
    0x00000144   0x00000000   Code   RO          428    .ARM.Collect$$rtentry$$00000002  c_p.l(__rtentry2.o)
    0x00000144   0x00000006   Code   RO          440    .ARM.Collect$$rtentry$$00000004  c_p.l(__rtentry4.o)
    0x0000014a   0x00000000   Code   RO          430    .ARM.Collect$$rtentry$$00000009  c_p.l(__rtentry2.o)
    0x0000014a   0x00000004   Code   RO          431    .ARM.Collect$$rtentry$$0000000A  c_p.l(__rtentry2.o)
    0x0000014e   0x00000000   Code   RO          433    .ARM.Collect$$rtentry$$0000000C  c_p.l(__rtentry2.o)
    0x0000014e   0x00000008   Code   RO          434    .ARM.Collect$$rtentry$$0000000D  c_p.l(__rtentry2.o)
    0x00000156   0x00000002   Code   RO          463    .ARM.Collect$$rtexit$$00000000  c_p.l(rtexit.o)
    0x00000158   0x00000000   Code   RO          519    .ARM.Collect$$rtexit$$00000002  c_p.l(rtexit2.o)
    0x00000158   0x00000004   Code   RO          520    .ARM.Collect$$rtexit$$00000003  c_p.l(rtexit2.o)
    0x0000015c   0x00000006   Code   RO          521    .ARM.Collect$$rtexit$$00000004  c_p.l(rtexit2.o)
    0x00000162   0x00000002   PAD
    0x00000164   0x00000034   Code   RO          370    .text               startup_mkl46z4.o
    0x00000198   0x00000044   Code   RO          412    .text               c_p.l(strlen.o)
    0x000001dc   0x0000015a   Code   RO          414    .text               c_p.l(aeabi_sdiv.o)
    0x00000336   0x00000006   Code   RO          418    .text               c_p.l(heapauxi.o)
    0x0000033c   0x0000003e   Code   RO          444    .text               c_p.l(sys_stackheap_outer.o)
    0x0000037a   0x00000010   Code   RO          447    .text               c_p.l(exit.o)
    0x0000038a   0x00000002   PAD
    0x0000038c   0x00000008   Code   RO          459    .text               c_p.l(libspace.o)
    0x00000394   0x0000000c   Code   RO          516    .text               c_p.l(sys_exit.o)
    0x000003a0   0x00000002   Code   RO          535    .text               c_p.l(use_no_semi.o)
    0x000003a2   0x00000000   Code   RO          537    .text               c_p.l(indicate_semi.o)
    0x000003a2   0x00000002   PAD
    0x000003a4   0x00000014   Code   RO           63    i.CRLF              main.o
    0x000003b8   0x00000014   Code   RO          275    i.NVIC_ClearPendingIRQ  uart.o
    0x000003cc   0x00000014   Code   RO          276    i.NVIC_EnableIRQ    uart.o
    0x000003e0   0x00000020   Code   RO          123    i.RFID_get_serial_number  rfid.o
    0x00000400   0x00000010   Code   RO          369    .ARM.__at_0x400     startup_mkl46z4.o
    0x00000410   0x00000078   Code   RO          236    i.NVIC_SetPriority  systick.o
    0x00000488   0x00000078   Code   RO          277    i.NVIC_SetPriority  uart.o
    0x00000500   0x00000044   Code   RO          118    i.RC522_read        rfid.o
    0x00000544   0x00000150   Code   RO          119    i.RC522_to_card     rfid.o
    0x00000694   0x0000003c   Code   RO          120    i.RC522_write       rfid.o
    0x000006d0   0x00000078   Code   RO          121    i.RFID_add_card_to_database  rfid.o
    0x00000748   0x0000005c   Code   RO          122    i.RFID_delete_card_from_database  rfid.o
    0x000007a4   0x000000a0   Code   RO          124    i.RFID_init         rfid.o
    0x00000844   0x00000048   Code   RO          125    i.RFID_read_card    rfid.o
    0x0000088c   0x00000038   Code   RO          126    i.RFID_request      rfid.o
    0x000008c4   0x0000004c   Code   RO          127    i.RFID_search_database  rfid.o
    0x00000910   0x0000004c   Code   RO          128    i.RFID_show_database  rfid.o
    0x0000095c   0x0000009c   Code   RO          210    i.SPI_init          spi.o
    0x000009f8   0x00000024   Code   RO          211    i.SPI_transmit      spi.o
    0x00000a1c   0x00000034   Code   RO          237    i.SysTick_Config    systick.o
    0x00000a50   0x00000084   Code   RO           64    i.SysTick_Handler   main.o
    0x00000ad4   0x00000020   Code   RO          239    i.SysTick_init      systick.o
    0x00000af4   0x0000015c   Code   RO          378    i.SystemCoreClockUpdate  system_mkl46z4.o
    0x00000c50   0x000000d0   Code   RO          379    i.SystemInit        system_mkl46z4.o
    0x00000d20   0x000000c0   Code   RO          278    i.UART1_IRQHandler  uart.o
    0x00000de0   0x000000d4   Code   RO          280    i.UART2_IRQHandler  uart.o
    0x00000eb4   0x000000a8   Code   RO          281    i.UART2_init        uart.o
    0x00000f5c   0x00000016   Code   RO          282    i.UART_GPIO_init    uart.o
    0x00000f72   0x00000002   PAD
    0x00000f74   0x000000b0   Code   RO          284    i.UART_send         uart.o
    0x00001024   0x00000018   Code   RO          285    i.UART_send_int     uart.o
    0x0000103c   0x0000001c   Code   RO          402    i.__ARM_common_switch8  system_mkl46z4.o
    0x00001058   0x0000017a   Code   RO            3    i.debounce_1khz     key.o
    0x000011d2   0x0000006e   Code   RO          286    i.int2string        uart.o
    0x00001240   0x00000010   Code   RO           65    i.key_event         main.o
    0x00001250   0x000000a4   Code   RO            4    i.key_init          key.o
    0x000012f4   0x000001a8   Code   RO           66    i.main              main.o
    0x0000149c   0x0000001a   Code   RO            5    i.push              key.o
    0x000014b6   0x00000002   PAD
    0x000014b8   0x00000020   Data   RO          587    Region$$Table       anon$$obj.o


    Execution Region RW_IRAM1 (Base: 0x1fffe000, Size: 0x00000590, Max: 0x00008000, ABSOLUTE)

    Base Addr    Size         Type   Attr      Idx    E Section Name        Object

    0x1fffe000   0x00000010   Data   RW           68    .data               main.o
    0x1fffe010   0x0000000c   Data   RW          288    .data               uart.o
    0x1fffe01c   0x00000004   Data   RW          380    .data               system_mkl46z4.o
    0x1fffe020   0x00000060   Zero   RW           67    .bss                main.o
    0x1fffe080   0x000001b0   Zero   RW          129    .bss                rfid.o
    0x1fffe230   0x00000200   Zero   RW          287    .bss                uart.o
    0x1fffe430   0x00000060   Zero   RW          460    .bss                c_p.l(libspace.o)
    0x1fffe490   0x00000000   Zero   RW          367    HEAP                startup_mkl46z4.o
    0x1fffe490   0x00000100   Zero   RW          366    STACK               startup_mkl46z4.o


==============================================================================

Image component sizes


      Code (inc. data)   RO Data    RW Data    ZI Data      Debug   Object Name

       568         24          0          0          0     143578   key.o
       592        204          0         16         96       3202   main.o
      1148         44          0          0        432       8360   rfid.o
       192         22          0          0          0        878   spi.o
        68         38        192          0        256        864   startup_mkl46z4.o
       584         66          0          4          0       1611   system_mkl46z4.o
       204         24          0          0          0       7983   systick.o
      1064        132          0         12        512      13121   uart.o

    ----------------------------------------------------------------------
      4424        554        224         32       1296     179597   Object Totals
         0          0         32          0          0          0   (incl. Generated)
         4          0          0          0          0          0   (incl. Padding)

    ----------------------------------------------------------------------

      Code (inc. data)   RO Data    RW Data    ZI Data      Debug   Library Member Name

         8          0          0          0          0         68   __main.o
         0          0          0          0          0          0   __rtentry.o
        12          0          0          0          0          0   __rtentry2.o
         6          0          0          0          0          0   __rtentry4.o
        60          8          0          0          0          0   __scatter.o
        26          0          0          0          0          0   __scatter_copy.o
        28          0          0          0          0          0   __scatter_zi.o
       346          0          0          0          0         92   aeabi_sdiv.o
        16          0          0          0          0         68   exit.o
         6          0          0          0          0        136   heapauxi.o
         0          0          0          0          0          0   indicate_semi.o
         2          0          0          0          0          0   libinit.o
         2          0          0          0          0          0   libinit2.o
         2          0          0          0          0          0   libshutdown.o
         2          0          0          0          0          0   libshutdown2.o
         8          4          0          0         96         68   libspace.o
         2          0          0          0          0          0   rtexit.o
        10          0          0          0          0          0   rtexit2.o
        68          6          0          0          0         72   strlen.o
        12          4          0          0          0         60   sys_exit.o
        62          0          0          0          0         80   sys_stackheap_outer.o
         2          0          0          0          0         68   use_no_semi.o

    ----------------------------------------------------------------------
       688         22          0          0         96        712   Library Totals
         8          0          0          0          0          0   (incl. Padding)

    ----------------------------------------------------------------------

      Code (inc. data)   RO Data    RW Data    ZI Data      Debug   Library Name

       680         22          0          0         96        712   c_p.l

    ----------------------------------------------------------------------
       688         22          0          0         96        712   Library Totals

    ----------------------------------------------------------------------

==============================================================================


      Code (inc. data)   RO Data    RW Data    ZI Data      Debug   

      5112        576        224         32       1392     178581   Grand Totals
      5112        576        224         32       1392     178581   ELF Image Totals
      5112        576        224         32          0          0   ROM Totals

==============================================================================

    Total RO  Size (Code + RO Data)                 5336 (   5.21kB)
    Total RW  Size (RW Data + ZI Data)              1424 (   1.39kB)
    Total ROM Size (Code + RO Data + RW Data)       5368 (   5.24kB)

==============================================================================

