Component: ARM Compiler 5.05 update 2 (build 169) Tool: armlink [4d0f33]

==============================================================================

Section Cross References

    main.o(i.SysTick_Handler) refers to main.o(.data) for timer
    main.o(i.check_distance) refers to uart.o(i.UART_get) for UART_get
    main.o(i.check_distance) refers to ir.o(i.Get_distance) for Get_distance
    main.o(i.check_distance) refers to sonar.o(i.SONAR_trigger) for SONAR_trigger
    main.o(i.check_distance) refers to sonar.o(i.SONAR_left_distance) for SONAR_left_distance
    main.o(i.check_distance) refers to sonar.o(i.SONAR_right_distance) for SONAR_right_distance
    main.o(i.check_distance) refers to main.o(i.check_wall_position) for check_wall_position
    main.o(i.check_distance) refers to main.o(.data) for timer
    main.o(i.check_distance) refers to main.o(.bss) for command
    main.o(i.check_wall_position) refers to main.o(.data) for front_sensor
    main.o(i.main) refers to systick.o(i.SysTick_init) for SysTick_init
    main.o(i.main) refers to uart.o(i.UART2_init) for UART2_init
    main.o(i.main) refers to rfid.o(i.RFID_init) for RFID_init
    main.o(i.main) refers to motordriver2.o(i.motorDriverInit) for motorDriverInit
    main.o(i.main) refers to ir.o(i.IRInitialize) for IRInitialize
    main.o(i.main) refers to sonar.o(i.SONAR_init) for SONAR_init
    main.o(i.main) refers to ir.o(i.Start_cont) for Start_cont
    main.o(i.main) refers to main.o(i.check_distance) for check_distance
    main.o(i.main) refers to mapper.o(i.mapper_init) for mapper_init
    main.o(i.main) refers to uart.o(i.UART_send) for UART_send
    main.o(i.main) refers to main.o(i.movement_algorithm) for movement_algorithm
    main.o(i.main) refers to motordriver2.o(i.driveStop) for driveStop
    main.o(i.main) refers to main.o(.bss) for command
    main.o(i.main) refers to main.o(.data) for start
    main.o(i.main) refers to motordriver2.o(.data) for distance
    main.o(i.movement_algorithm) refers to main.o(i.__ARM_common_switch8) for __ARM_common_switch8
    main.o(i.movement_algorithm) refers to aeabi_sdiv.o(.text) for __aeabi_idivmod
    main.o(i.movement_algorithm) refers to motordriver2.o(i.driveForwardLeftTrack) for driveForwardLeftTrack
    main.o(i.movement_algorithm) refers to motordriver2.o(i.driveForwardRightTrack) for driveForwardRightTrack
    main.o(i.movement_algorithm) refers to mapper.o(i.add_wall) for add_wall
    main.o(i.movement_algorithm) refers to motordriver2.o(i.driveStop) for driveStop
    main.o(i.movement_algorithm) refers to mapper.o(i.change_direction_after_turn_left) for change_direction_after_turn_left
    main.o(i.movement_algorithm) refers to motordriver2.o(i.turnLeft) for turnLeft
    main.o(i.movement_algorithm) refers to mapper.o(i.change_direction_after_turn_right) for change_direction_after_turn_right
    main.o(i.movement_algorithm) refers to motordriver2.o(i.turnRight) for turnRight
    main.o(i.movement_algorithm) refers to mapper.o(i.change_direction_after_turn_around) for change_direction_after_turn_around
    main.o(i.movement_algorithm) refers to motordriver2.o(i.driveForward) for driveForward
    main.o(i.movement_algorithm) refers to rfid.o(i.RFID_request) for RFID_request
    main.o(i.movement_algorithm) refers to rfid.o(i.RFID_get_card_serial) for RFID_get_card_serial
    main.o(i.movement_algorithm) refers to uart.o(i.UART_send) for UART_send
    main.o(i.movement_algorithm) refers to uart.o(i.UART_send_int) for UART_send_int
    main.o(i.movement_algorithm) refers to motordriver2.o(i.driveReverse) for driveReverse
    main.o(i.movement_algorithm) refers to main.o(.data) for state
    main.o(i.movement_algorithm) refers to motordriver2.o(.data) for distance
    main.o(i.movement_algorithm) refers to mapper.o(i.print_map) for print_map
    main.o(i.movement_algorithm) refers to main.o(.bss) for command
    main.o(i.send_data_to_user) refers to uart.o(i.UART_send) for UART_send
    main.o(i.send_data_to_user) refers to uart.o(i.UART_send_int) for UART_send_int
    main.o(i.send_data_to_user) refers to main.o(.data) for timer3
    systick.o(i.SysTick_Config) refers to systick.o(i.NVIC_SetPriority) for NVIC_SetPriority
    systick.o(i.SysTick_change_frequency) refers to aeabi_sdiv.o(.text) for __aeabi_uidivmod
    systick.o(i.SysTick_change_frequency) refers to systick.o(i.SysTick_Config) for SysTick_Config
    systick.o(i.SysTick_change_frequency) refers to system_mkl46z4.o(.data) for SystemCoreClock
    systick.o(i.SysTick_init) refers to system_mkl46z4.o(i.SystemCoreClockUpdate) for SystemCoreClockUpdate
    systick.o(i.SysTick_init) refers to aeabi_sdiv.o(.text) for __aeabi_uidivmod
    systick.o(i.SysTick_init) refers to systick.o(i.SysTick_Config) for SysTick_Config
    systick.o(i.SysTick_init) refers to system_mkl46z4.o(.data) for SystemCoreClock
    uart.o(i.UART1_IRQHandler) refers to uart.o(.data) for UART1_tail
[...]
    motordriver2.o(i.TPM0_IRQHandler) refers to motordriver2.o(i.driveStopRight) for driveStopRight
    motordriver2.o(i.TPM0_IRQHandler) refers to motordriver2.o(i.driveStop) for driveStop
    motordriver2.o(i.TPM0_IRQHandler) refers to motordriver2.o(.data) for FLAG_LIMIT_DIST_LEFT
    motordriver2.o(i.acceleration) refers to aeabi_sdiv.o(.text) for __aeabi_uidivmod
    motordriver2.o(i.acceleration) refers to motordriver2.o(i.wait4) for wait4
    motordriver2.o(i.acceleration) refers to motordriver2.o(.data) for tmp1
    motordriver2.o(i.driveForward) refers to motordriver2.o(i.driveForwardLeftTrack) for driveForwardLeftTrack
    motordriver2.o(i.driveForward) refers to motordriver2.o(i.driveForwardRightTrack) for driveForwardRightTrack
    motordriver2.o(i.driveForwardDist) refers to motordriver2.o(i.driveForwardDistLeftTrack) for driveForwardDistLeftTrack
    motordriver2.o(i.driveForwardDist) refers to motordriver2.o(i.driveForwardDistRightTrack) for driveForwardDistRightTrack
    motordriver2.o(i.driveForwardDistLeftTrack) refers to aeabi_sdiv.o(.text) for __aeabi_idivmod
    motordriver2.o(i.driveForwardDistLeftTrack) refers to motordriver2.o(.data) for ACT_DIST_LEFT
    motordriver2.o(i.driveForwardDistRightTrack) refers to aeabi_sdiv.o(.text) for __aeabi_idivmod
    motordriver2.o(i.driveForwardDistRightTrack) refers to motordriver2.o(.data) for ACT_DIST_RIGHT
    motordriver2.o(i.driveForwardLeftTrack) refers to aeabi_sdiv.o(.text) for __aeabi_idivmod
    motordriver2.o(i.driveForwardLeftTrack) refers to motordriver2.o(.data) for ACT_DIST_LEFT
    motordriver2.o(i.driveForwardRightTrack) refers to aeabi_sdiv.o(.text) for __aeabi_idivmod
    motordriver2.o(i.driveForwardRightTrack) refers to motordriver2.o(.data) for ACT_DIST_RIGHT
    motordriver2.o(i.driveReverse) refers to motordriver2.o(i.driveReverseLeftTrack) for driveReverseLeftTrack
    motordriver2.o(i.driveReverse) refers to motordriver2.o(i.driveReverseRightTrack) for driveReverseRightTrack
    motordriver2.o(i.driveReverseDist) refers to motordriver2.o(i.driveReverseDistLeftTrack) for driveReverseDistLeftTrack
    motordriver2.o(i.driveReverseDist) refers to motordriver2.o(i.driveReverseDistRightTrack) for driveReverseDistRightTrack
    motordriver2.o(i.driveReverseDistLeftTrack) refers to aeabi_sdiv.o(.text) for __aeabi_idivmod
    motordriver2.o(i.driveReverseDistLeftTrack) refers to motordriver2.o(.data) for ACT_DIST_LEFT
    motordriver2.o(i.driveReverseDistRightTrack) refers to aeabi_sdiv.o(.text) for __aeabi_idivmod
    motordriver2.o(i.driveReverseDistRightTrack) refers to motordriver2.o(.data) for ACT_DIST_RIGHT
    motordriver2.o(i.driveReverseLeftTrack) refers to aeabi_sdiv.o(.text) for __aeabi_idivmod
    motordriver2.o(i.driveReverseLeftTrack) refers to motordriver2.o(.data) for ACT_DIST_LEFT
    motordriver2.o(i.driveReverseRightTrack) refers to aeabi_sdiv.o(.text) for __aeabi_idivmod
    motordriver2.o(i.driveReverseRightTrack) refers to motordriver2.o(.data) for ACT_DIST_RIGHT
    motordriver2.o(i.motorDriverInit) refers to motordriver2.o(i.NVIC_SetPriority) for NVIC_SetPriority
    motordriver2.o(i.turnLeft) refers to aeabi_sdiv.o(.text) for __aeabi_idivmod
    motordriver2.o(i.turnLeft) refers to motordriver2.o(i.driveReverseDistLeftTrack) for driveReverseDistLeftTrack
    motordriver2.o(i.turnLeft) refers to motordriver2.o(i.driveForwardDistRightTrack) for driveForwardDistRightTrack
    motordriver2.o(i.turnLeft) refers to motordriver2.o(.data) for tmp3
    motordriver2.o(i.turnRight) refers to aeabi_sdiv.o(.text) for __aeabi_idivmod
    motordriver2.o(i.turnRight) refers to motordriver2.o(i.driveReverseDistRightTrack) for driveReverseDistRightTrack
    motordriver2.o(i.turnRight) refers to motordriver2.o(i.driveForwardDistLeftTrack) for driveForwardDistLeftTrack
    motordriver2.o(i.turnRight) refers to motordriver2.o(.data) for tmp3
    rfid.o(i.RC522_read) refers to spi.o(i.SPI_transmit) for SPI_transmit
    rfid.o(i.RC522_to_card) refers to rfid.o(i.RC522_read) for RC522_read
    rfid.o(i.RC522_to_card) refers to rfid.o(i.RC522_write) for RC522_write
    rfid.o(i.RC522_write) refers to spi.o(i.SPI_transmit) for SPI_transmit
    rfid.o(i.RFID_add_card_to_database) refers to uart.o(i.UART_send) for UART_send
    rfid.o(i.RFID_add_card_to_database) refers to rfid.o(i.RFID_request) for RFID_request
    rfid.o(i.RFID_add_card_to_database) refers to rfid.o(i.RFID_get_card_serial) for RFID_get_card_serial
    rfid.o(i.RFID_add_card_to_database) refers to uart.o(i.UART_send_int) for UART_send_int
    rfid.o(i.RFID_add_card_to_database) refers to rfid.o(.data) for state
    rfid.o(i.RFID_add_card_to_database) refers to rfid.o(.bss) for MIFARE_CARD_DATABASE
    rfid.o(i.RFID_delete_card_from_database) refers to uart.o(i.UART_send) for UART_send
    rfid.o(i.RFID_delete_card_from_database) refers to rfid.o(i.RFID_request) for RFID_request
    rfid.o(i.RFID_delete_card_from_database) refers to rfid.o(i.RFID_get_card_serial) for RFID_get_card_serial
    rfid.o(i.RFID_delete_card_from_database) refers to uart.o(i.UART_send_int) for UART_send_int
    rfid.o(i.RFID_delete_card_from_database) refers to rfid.o(.data) for state
    rfid.o(i.RFID_delete_card_from_database) refers to rfid.o(.bss) for MIFARE_CARD_DATABASE
    rfid.o(i.RFID_get_card_serial) refers to rfid.o(i.RC522_write) for RC522_write
    rfid.o(i.RFID_get_card_serial) refers to rfid.o(i.RC522_to_card) for RC522_to_card
    rfid.o(i.RFID_init) refers to spi.o(i.SPI_init) for SPI_init
    rfid.o(i.RFID_init) refers to rfid.o(i.RC522_write) for RC522_write
    rfid.o(i.RFID_init) refers to rfid.o(i.RC522_read) for RC522_read
    rfid.o(i.RFID_request) refers to rfid.o(i.RC522_write) for RC522_write
    rfid.o(i.RFID_request) refers to rfid.o(i.RC522_to_card) for RC522_to_card
    rfid.o(i.RFID_show_database) refers to uart.o(i.UART_send) for UART_send
    rfid.o(i.RFID_show_database) refers to uart.o(i.UART_send_int) for UART_send_int
    rfid.o(i.RFID_show_database) refers to rfid.o(.bss) for MIFARE_CARD_DATABASE
    sonar.o(i.PIT_init) refers to sonar.o(i.NVIC_ClearPendingIRQ) for NVIC_ClearPendingIRQ
    sonar.o(i.PIT_init) refers to sonar.o(i.NVIC_SetPriority) for NVIC_SetPriority
    sonar.o(i.PIT_init) refers to sonar.o(i.NVIC_EnableIRQ) for NVIC_EnableIRQ
    sonar.o(i.SONAR_init) refers to sonar.o(i.PIT_init) for PIT_init
    sonar.o(i.SONAR_init) refers to sonar.o(i.NVIC_ClearPendingIRQ) for NVIC_ClearPendingIRQ
    sonar.o(i.SONAR_init) refers to sonar.o(i.NVIC_SetPriority) for NVIC_SetPriority
    sonar.o(i.SONAR_init) refers to sonar.o(i.NVIC_EnableIRQ) for NVIC_EnableIRQ
    sonar.o(i.SONAR_left_distance) refers to sonar.o(.data) for left_distance
    sonar.o(i.SONAR_right_distance) refers to sonar.o(.data) for right_distance
    sonar.o(i.SONAR_trigger) refers to sonar.o(.data) for state
    sonar.o(i.TPM2_IRQHandler) refers to aeabi_sdiv.o(.text) for __aeabi_uidivmod
    sonar.o(i.TPM2_IRQHandler) refers to sonar.o(.data) for left_measure_time
    mapper.o(i.add_wall) refers to ir.o(i.Get_distance) for Get_distance
    mapper.o(i.add_wall) refers to sonar.o(i.SONAR_left_distance) for SONAR_left_distance
    mapper.o(i.add_wall) refers to sonar.o(i.SONAR_right_distance) for SONAR_right_distance
    mapper.o(i.add_wall) refers to mapper.o(.data) for current_direction
    mapper.o(i.add_wall) refers to mapper.o(.bss) for map
    mapper.o(i.change_direction_after_turn_around) refers to mapper.o(.data) for current_direction
    mapper.o(i.change_direction_after_turn_left) refers to mapper.o(.data) for current_direction
    mapper.o(i.change_direction_after_turn_right) refers to mapper.o(.data) for current_direction
    mapper.o(i.mapper_init) refers to mapper.o(.bss) for map
    mapper.o(i.mapper_init) refers to mapper.o(.data) for current_direction
    mapper.o(i.print_map) refers to uart.o(i.UART_send) for UART_send
    mapper.o(i.print_map) refers to uart.o(i.UART_send_int) for UART_send_int
    mapper.o(i.print_map) refers to mapper.o(.bss) for map
    startup_mkl46z4.o(STACK) refers (Special) to heapauxi.o(.text) for __use_two_region_memory
    startup_mkl46z4.o(HEAP) refers (Special) to heapauxi.o(.text) for __use_two_region_memory
    startup_mkl46z4.o(RESET) refers (Special) to heapauxi.o(.text) for __use_two_region_memory
    startup_mkl46z4.o(RESET) refers to startup_mkl46z4.o(STACK) for __initial_sp
    startup_mkl46z4.o(RESET) refers to startup_mkl46z4.o(.text) for Reset_Handler
    startup_mkl46z4.o(RESET) refers to main.o(i.SysTick_Handler) for SysTick_Handler
    startup_mkl46z4.o(RESET) refers to uart.o(i.UART1_IRQHandler) for UART1_IRQHandler
    startup_mkl46z4.o(RESET) refers to uart.o(i.UART2_IRQHandler) for UART2_IRQHandler
    startup_mkl46z4.o(RESET) refers to ir.o(i.ADC0_IRQHandler) for ADC0_IRQHandler
    startup_mkl46z4.o(RESET) refers to motordriver2.o(i.TPM0_IRQHandler) for TPM0_IRQHandler
    startup_mkl46z4.o(RESET) refers to sonar.o(i.TPM2_IRQHandler) for TPM2_IRQHandler
    startup_mkl46z4.o(RESET) refers to sonar.o(i.PIT_IRQHandler) for PIT_IRQHandler
    startup_mkl46z4.o(.ARM.__at_0x400) refers (Special) to heapauxi.o(.text) for __use_two_region_memory
    startup_mkl46z4.o(.text) refers (Special) to heapauxi.o(.text) for __use_two_region_memory
    startup_mkl46z4.o(.text) refers to system_mkl46z4.o(i.SystemInit) for SystemInit
    startup_mkl46z4.o(.text) refers to __main.o(!!!main) for __main
    startup_mkl46z4.o(.text) refers to startup_mkl46z4.o(HEAP) for Heap_Mem
    startup_mkl46z4.o(.text) refers to startup_mkl46z4.o(STACK) for Stack_Mem
    system_mkl46z4.o(i.SystemCoreClockUpdate) refers to aeabi_sdiv.o(.text) for __aeabi_uidivmod
    system_mkl46z4.o(i.SystemCoreClockUpdate) refers to main.o(i.__ARM_common_switch8) for __ARM_common_switch8
    system_mkl46z4.o(i.SystemCoreClockUpdate) refers to system_mkl46z4.o(.data) for SystemCoreClock
    __main.o(!!!main) refers to __rtentry.o(.ARM.Collect$$rtentry$$00000000) for __rt_entry
    __rtentry.o(.ARM.Collect$$rtentry$$00000000) refers (Special) to __rtentry2.o(.ARM.Collect$$rtentry$$0000000A) for __rt_entry_li
    __rtentry.o(.ARM.Collect$$rtentry$$00000000) refers (Special) to __rtentry2.o(.ARM.Collect$$rtentry$$0000000D) for __rt_entry_main
    __rtentry.o(.ARM.Collect$$rtentry$$00000000) refers (Special) to __rtentry2.o(.ARM.Collect$$rtentry$$0000000C) for __rt_entry_postli_1
    __rtentry.o(.ARM.Collect$$rtentry$$00000000) refers (Special) to __rtentry2.o(.ARM.Collect$$rtentry$$00000009) for __rt_entry_postsh_1
    __rtentry.o(.ARM.Collect$$rtentry$$00000000) refers (Special) to __rtentry2.o(.ARM.Collect$$rtentry$$00000002) for __rt_entry_presh_1
    __rtentry.o(.ARM.Collect$$rtentry$$00000000) refers (Special) to __rtentry4.o(.ARM.Collect$$rtentry$$00000004) for __rt_entry_sh
    aeabi_idiv0_sigfpe.o(.text) refers to rt_div0.o(.text) for __rt_div0
    __rtentry2.o(.ARM.Collect$$rtentry$$00000008) refers to boardinit2.o(.text) for _platform_post_stackheap_init
    __rtentry2.o(.ARM.Collect$$rtentry$$0000000A) refers to libinit.o(.ARM.Collect$$libinit$$00000000) for __rt_lib_init
    __rtentry2.o(.ARM.Collect$$rtentry$$0000000B) refers to boardinit3.o(.text) for _platform_post_lib_init
    __rtentry2.o(.ARM.Collect$$rtentry$$0000000D) refers to main.o(i.main) for main
    __rtentry2.o(.ARM.Collect$$rtentry$$0000000D) refers to exit.o(.text) for exit
    __rtentry2.o(.ARM.exidx) refers to __rtentry2.o(.ARM.Collect$$rtentry$$00000001) for .ARM.Collect$$rtentry$$00000001
    __rtentry2.o(.ARM.exidx) refers to __rtentry2.o(.ARM.Collect$$rtentry$$00000008) for .ARM.Collect$$rtentry$$00000008
    __rtentry2.o(.ARM.exidx) refers to __rtentry2.o(.ARM.Collect$$rtentry$$0000000A) for .ARM.Collect$$rtentry$$0000000A
    __rtentry2.o(.ARM.exidx) refers to __rtentry2.o(.ARM.Collect$$rtentry$$0000000B) for .ARM.Collect$$rtentry$$0000000B
    __rtentry2.o(.ARM.exidx) refers to __rtentry2.o(.ARM.Collect$$rtentry$$0000000D) for .ARM.Collect$$rtentry$$0000000D
    __rtentry4.o(.ARM.Collect$$rtentry$$00000004) refers to sys_stackheap_outer.o(.text) for __user_setup_stackheap
    __rtentry4.o(.ARM.exidx) refers to __rtentry4.o(.ARM.Collect$$rtentry$$00000004) for .ARM.Collect$$rtentry$$00000004
    rt_div0.o(.text) refers to defsig_fpe_outer.o(.text) for __rt_SIGFPE
    sys_stackheap_outer.o(.text) refers to libspace.o(.text) for __user_perproc_libspace
    sys_stackheap_outer.o(.text) refers to startup_mkl46z4.o(.text) for __user_initial_stackheap
    sys_stackheap_outer.o(__vectab_stack_and_reset_area) refers to tempstk.o(.text) for __temporary_stack_top
    sys_stackheap_outer.o(__vectab_stack_and_reset_area) refers to __main.o(!!!main) for __main
    exit.o(.text) refers to rtexit.o(.ARM.Collect$$rtexit$$00000000) for __rt_exit
    defsig_fpe_outer.o(.text) refers to defsig_fpe_inner.o(.text) for __rt_SIGFPE_inner
    defsig_fpe_outer.o(.text) refers to defsig_exit.o(.text) for __sig_exit
    defsig_fpe_formal.o(.text) refers to rt_raise.o(.text) for __rt_raise
    libinit.o(.ARM.Collect$$libinit$$00000000) refers (Special) to libinit2.o(.ARM.Collect$$libinit$$0000002E) for __rt_lib_init_alloca_1
    libinit.o(.ARM.Collect$$libinit$$00000000) refers (Special) to libinit2.o(.ARM.Collect$$libinit$$0000002C) for __rt_lib_init_argv_1
    libinit.o(.ARM.Collect$$libinit$$00000000) refers (Special) to libinit2.o(.ARM.Collect$$libinit$$0000001B) for __rt_lib_init_atexit_1
    libinit.o(.ARM.Collect$$libinit$$00000000) refers (Special) to libinit2.o(.ARM.Collect$$libinit$$00000021) for __rt_lib_init_clock_1
    libinit.o(.ARM.Collect$$libinit$$00000000) refers (Special) to libinit2.o(.ARM.Collect$$libinit$$00000032) for __rt_lib_init_cpp_1
    libinit.o(.ARM.Collect$$libinit$$00000000) refers (Special) to libinit2.o(.ARM.Collect$$libinit$$00000030) for __rt_lib_init_exceptions_1
    libinit.o(.ARM.Collect$$libinit$$00000000) refers (Special) to libinit2.o(.ARM.Collect$$libinit$$00000002) for __rt_lib_init_fp_1
    libinit.o(.ARM.Collect$$libinit$$00000000) refers (Special) to libinit2.o(.ARM.Collect$$libinit$$0000001F) for __rt_lib_init_fp_trap_1
    libinit.o(.ARM.Collect$$libinit$$00000000) refers (Special) to libinit2.o(.ARM.Collect$$libinit$$00000023) for __rt_lib_init_getenv_1
    libinit.o(.ARM.Collect$$libinit$$00000000) refers (Special) to libinit2.o(.ARM.Collect$$libinit$$0000000A) for __rt_lib_init_heap_1
    libinit.o(.ARM.Collect$$libinit$$00000000) refers (Special) to libinit2.o(.ARM.Collect$$libinit$$00000011) for __rt_lib_init_lc_collate_1
    libinit.o(.ARM.Collect$$libinit$$00000000) refers (Special) to libinit2.o(.ARM.Collect$$libinit$$00000013) for __rt_lib_init_lc_ctype_1
    libinit.o(.ARM.Collect$$libinit$$00000000) refers (Special) to libinit2.o(.ARM.Collect$$libinit$$00000015) for __rt_lib_init_lc_monetary_1
    libinit.o(.ARM.Collect$$libinit$$00000000) refers (Special) to libinit2.o(.ARM.Collect$$libinit$$00000017) for __rt_lib_init_lc_numeric_1
    libinit.o(.ARM.Collect$$libinit$$00000000) refers (Special) to libinit2.o(.ARM.Collect$$libinit$$00000019) for __rt_lib_init_lc_time_1
    libinit.o(.ARM.Collect$$libinit$$00000000) refers (Special) to libinit2.o(.ARM.Collect$$libinit$$00000004) for __rt_lib_init_preinit_1
    libinit.o(.ARM.Collect$$libinit$$00000000) refers (Special) to libinit2.o(.ARM.Collect$$libinit$$0000000E) for __rt_lib_init_rand_1
    libinit.o(.ARM.Collect$$libinit$$00000000) refers (Special) to libinit2.o(.ARM.Collect$$libinit$$00000033) for __rt_lib_init_return
    libinit.o(.ARM.Collect$$libinit$$00000000) refers (Special) to libinit2.o(.ARM.Collect$$libinit$$0000001D) for __rt_lib_init_signal_1
    libinit.o(.ARM.Collect$$libinit$$00000000) refers (Special) to libinit2.o(.ARM.Collect$$libinit$$00000025) for __rt_lib_init_stdio_1
    libinit.o(.ARM.Collect$$libinit$$00000000) refers (Special) to libinit2.o(.ARM.Collect$$libinit$$0000000C) for __rt_lib_init_user_alloc_1
    libspace.o(.text) refers to libspace.o(.bss) for __libspace_start
    rtexit.o(.ARM.Collect$$rtexit$$00000000) refers (Special) to rtexit2.o(.ARM.Collect$$rtexit$$00000004) for __rt_exit_exit
    rtexit.o(.ARM.Collect$$rtexit$$00000000) refers (Special) to rtexit2.o(.ARM.Collect$$rtexit$$00000003) for __rt_exit_ls
    rtexit.o(.ARM.Collect$$rtexit$$00000000) refers (Special) to rtexit2.o(.ARM.Collect$$rtexit$$00000002) for __rt_exit_prels_1
    rtexit.o(.ARM.exidx) refers (Special) to rtexit2.o(.ARM.Collect$$rtexit$$00000004) for __rt_exit_exit
    rtexit.o(.ARM.exidx) refers (Special) to rtexit2.o(.ARM.Collect$$rtexit$$00000003) for __rt_exit_ls
    rtexit.o(.ARM.exidx) refers (Special) to rtexit2.o(.ARM.Collect$$rtexit$$00000002) for __rt_exit_prels_1
    rtexit.o(.ARM.exidx) refers to rtexit.o(.ARM.Collect$$rtexit$$00000000) for .ARM.Collect$$rtexit$$00000000
    rt_raise.o(.text) refers to __raise.o(.text) for __raise
    rt_raise.o(.text) refers to sys_exit.o(.text) for _sys_exit
    defsig_exit.o(.text) refers to sys_exit.o(.text) for _sys_exit
    defsig_fpe_inner.o(.text) refers to defsig_general.o(.text) for __default_signal_display
    libinit2.o(.ARM.Collect$$libinit$$00000010) refers to libinit2.o(.ARM.Collect$$libinit$$0000000F) for .ARM.Collect$$libinit$$0000000F
    libinit2.o(.ARM.Collect$$libinit$$00000012) refers to libinit2.o(.ARM.Collect$$libinit$$0000000F) for .ARM.Collect$$libinit$$0000000F
    libinit2.o(.ARM.Collect$$libinit$$00000014) refers to libinit2.o(.ARM.Collect$$libinit$$0000000F) for .ARM.Collect$$libinit$$0000000F
    libinit2.o(.ARM.Collect$$libinit$$00000016) refers to libinit2.o(.ARM.Collect$$libinit$$0000000F) for .ARM.Collect$$libinit$$0000000F
    libinit2.o(.ARM.Collect$$libinit$$00000018) refers to libinit2.o(.ARM.Collect$$libinit$$0000000F) for .ARM.Collect$$libinit$$0000000F
    libinit2.o(.ARM.Collect$$libinit$$00000026) refers to argv_veneer.o(.text) for __ARM_argv_veneer
    libinit2.o(.ARM.Collect$$libinit$$00000027) refers to argv_veneer.o(.text) for __ARM_argv_veneer
    sys_exit.o(.text) refers (Special) to use_no_semi.o(.text) for __I$use$semihosting
    sys_exit.o(.text) refers (Special) to indicate_semi.o(.text) for __semihosting_library_function
    rtexit2.o(.ARM.Collect$$rtexit$$00000003) refers to libshutdown.o(.ARM.Collect$$libshutdown$$00000000) for __rt_lib_shutdown
    rtexit2.o(.ARM.Collect$$rtexit$$00000004) refers to sys_exit.o(.text) for _sys_exit
    rtexit2.o(.ARM.exidx) refers to rtexit2.o(.ARM.Collect$$rtexit$$00000001) for .ARM.Collect$$rtexit$$00000001
    rtexit2.o(.ARM.exidx) refers to rtexit2.o(.ARM.Collect$$rtexit$$00000003) for .ARM.Collect$$rtexit$$00000003
    rtexit2.o(.ARM.exidx) refers to rtexit2.o(.ARM.Collect$$rtexit$$00000004) for .ARM.Collect$$rtexit$$00000004
    __raise.o(.text) refers to defsig.o(CL$$defsig) for __default_signal_handler
    defsig_general.o(.text) refers to sys_wrch.o(.text) for _ttywrch
    sys_wrch.o(.text) refers (Special) to use_no_semi.o(.text) for __I$use$semihosting
    sys_wrch.o(.text) refers (Special) to indicate_semi.o(.text) for __semihosting_library_function
    defsig.o(CL$$defsig) refers to defsig_fpe_inner.o(.text) for __rt_SIGFPE_inner
    defsig.o(CL$$defsig) refers to defsig_rtmem_inner.o(.text) for __rt_SIGRTMEM_inner
    _get_argv_nomalloc.o(.text) refers (Special) to hrguard.o(.text) for __heap_region$guard
    _get_argv_nomalloc.o(.text) refers to defsig_rtmem_outer.o(.text) for __rt_SIGRTMEM
    _get_argv_nomalloc.o(.text) refers to sys_command.o(.text) for _sys_command_string
    libshutdown.o(.ARM.Collect$$libshutdown$$00000000) refers (Special) to libshutdown2.o(.ARM.Collect$$libshutdown$$00000006) for __rt_lib_shutdown_fp_trap_1
    libshutdown.o(.ARM.Collect$$libshutdown$$00000000) refers (Special) to libshutdown2.o(.ARM.Collect$$libshutdown$$0000000E) for __rt_lib_shutdown_heap_1
    libshutdown.o(.ARM.Collect$$libshutdown$$00000000) refers (Special) to libshutdown2.o(.ARM.Collect$$libshutdown$$0000000F) for __rt_lib_shutdown_return
    libshutdown.o(.ARM.Collect$$libshutdown$$00000000) refers (Special) to libshutdown2.o(.ARM.Collect$$libshutdown$$00000009) for __rt_lib_shutdown_signal_1
    libshutdown.o(.ARM.Collect$$libshutdown$$00000000) refers (Special) to libshutdown2.o(.ARM.Collect$$libshutdown$$00000003) for __rt_lib_shutdown_stdio_1
    libshutdown.o(.ARM.Collect$$libshutdown$$00000000) refers (Special) to libshutdown2.o(.ARM.Collect$$libshutdown$$0000000B) for __rt_lib_shutdown_user_alloc_1
    sys_command.o(.text) refers (Special) to use_no_semi.o(.text) for __I$use$semihosting
    sys_command.o(.text) refers (Special) to indicate_semi.o(.text) for __semihosting_library_function
    defsig_abrt_inner.o(.text) refers to defsig_general.o(.text) for __default_signal_display
    defsig_rtred_inner.o(.text) refers to defsig_general.o(.text) for __default_signal_display
    defsig_rtmem_inner.o(.text) refers to defsig_general.o(.text) for __default_signal_display
    defsig_rtmem_outer.o(.text) refers to defsig_rtmem_inner.o(.text) for __rt_SIGRTMEM_inner
    defsig_rtmem_outer.o(.text) refers to defsig_exit.o(.text) for __sig_exit
    defsig_rtmem_formal.o(.text) refers to rt_raise.o(.text) for __rt_raise
    defsig_stak_inner.o(.text) refers to defsig_general.o(.text) for __default_signal_display
    defsig_pvfn_inner.o(.text) refers to defsig_general.o(.text) for __default_signal_display
    defsig_cppl_inner.o(.text) refers to defsig_general.o(.text) for __default_signal_display
    defsig_segv_inner.o(.text) refers to defsig_general.o(.text) for __default_signal_display
    defsig_other.o(.text) refers to defsig_general.o(.text) for __default_signal_display


==============================================================================

Removing Unused input sections from the image.

    Removing main.o(.rev16_text), (4 bytes).
    Removing main.o(.revsh_text), (4 bytes).
    Removing main.o(i.send_data_to_user), (176 bytes).
    Removing systick.o(.rev16_text), (4 bytes).
    Removing systick.o(.revsh_text), (4 bytes).
    Removing systick.o(i.SysTick_change_frequency), (28 bytes).
    Removing uart.o(.rev16_text), (4 bytes).
    Removing uart.o(.revsh_text), (4 bytes).
    Removing uart.o(i.UART1_init), (164 bytes).
    Removing ir.o(.rev16_text), (4 bytes).
    Removing ir.o(.revsh_text), (4 bytes).
    Removing ir.o(i.Stop_cont), (24 bytes).
    Removing motordriver2.o(.rev16_text), (4 bytes).
    Removing motordriver2.o(.revsh_text), (4 bytes).
    Removing motordriver2.o(i.acceleration), (256 bytes).
    Removing motordriver2.o(i.driveForwardDist), (24 bytes).
    Removing motordriver2.o(i.driveReverseDist), (24 bytes).
    Removing motordriver2.o(i.wait2), (20 bytes).
    Removing motordriver2.o(i.wait3), (20 bytes).
    Removing motordriver2.o(i.wait4), (20 bytes).
    Removing spi.o(.rev16_text), (4 bytes).
    Removing spi.o(.revsh_text), (4 bytes).
    Removing rfid.o(.rev16_text), (4 bytes).
    Removing rfid.o(.revsh_text), (4 bytes).
    Removing rfid.o(i.RFID_add_card_to_database), (436 bytes).
    Removing rfid.o(i.RFID_delete_card_from_database), (372 bytes).
    Removing rfid.o(i.RFID_show_database), (168 bytes).
    Removing rfid.o(.bss), (432 bytes).
    Removing rfid.o(.data), (12 bytes).
    Removing sonar.o(.rev16_text), (4 bytes).
    Removing sonar.o(.revsh_text), (4 bytes).
    Removing mapper.o(.rev16_text), (4 bytes).
    Removing mapper.o(.revsh_text), (4 bytes).
    Removing system_mkl46z4.o(.rev16_text), (4 bytes).
    Removing system_mkl46z4.o(.revsh_text), (4 bytes).

35 unused section(s) (total 2256 bytes) removed from the image.

==============================================================================

Image Symbol Table

    Local Symbols

    Symbol Name                              Value     Ov Type        Size  Object(Section)

    RESET                                    0x00000000   Section      192  startup_mkl46z4.o(RESET)
    ../clib/angel/boardlib.s                 0x00000000   Number         0  boardinit1.o ABSOLUTE
    ../clib/angel/boardlib.s                 0x00000000   Number         0  boardinit2.o ABSOLUTE
    ../clib/angel/boardlib.s                 0x00000000   Number         0  boardinit3.o ABSOLUTE
    ../clib/angel/boardlib.s                 0x00000000   Number         0  boardshut.o ABSOLUTE
    ../clib/angel/handlers.s                 0x00000000   Number         0  __scatter_zi.o ABSOLUTE
    ../clib/angel/handlers.s                 0x00000000   Number         0  __scatter_copy.o ABSOLUTE
    ../clib/angel/kernel.s                   0x00000000   Number         0  __rtentry.o ABSOLUTE
    ../clib/angel/kernel.s                   0x00000000   Number         0  rtexit2.o ABSOLUTE
    ../clib/angel/kernel.s                   0x00000000   Number         0  __rtentry2.o ABSOLUTE
    ../clib/angel/kernel.s                   0x00000000   Number         0  __rtentry4.o ABSOLUTE
    ../clib/angel/kernel.s                   0x00000000   Number         0  rtexit.o ABSOLUTE
    ../clib/angel/rt.s                       0x00000000   Number         0  rt_raise.o ABSOLUTE
    ../clib/angel/rt.s                       0x00000000   Number         0  aeabi_idiv0.o ABSOLUTE
    ../clib/angel/rt.s                       0x00000000   Number         0  aeabi_idiv0_sigfpe.o ABSOLUTE
    ../clib/angel/rt.s                       0x00000000   Number         0  rt_div0.o ABSOLUTE
    ../clib/angel/scatterp.s                 0x00000000   Number         0  __scatter.o ABSOLUTE
    ../clib/angel/startup.s                  0x00000000   Number         0  __main.o ABSOLUTE
    ../clib/angel/sys.s                      0x00000000   Number         0  libspace.o ABSOLUTE
    ../clib/angel/sys.s                      0x00000000   Number         0  tempstk.o ABSOLUTE
    ../clib/angel/sys.s                      0x00000000   Number         0  sys_stackheap_outer.o ABSOLUTE
    ../clib/angel/sys.s                      0x00000000   Number         0  indicate_semi.o ABSOLUTE
    ../clib/angel/sys.s                      0x00000000   Number         0  use_no_semi.o ABSOLUTE
    ../clib/angel/sysapp.c                   0x00000000   Number         0  sys_exit.o ABSOLUTE
    ../clib/angel/sysapp.c                   0x00000000   Number         0  sys_command.o ABSOLUTE
    ../clib/angel/sysapp.c                   0x00000000   Number         0  sys_wrch.o ABSOLUTE
    ../clib/armsys.c                         0x00000000   Number         0  no_argv.o ABSOLUTE
    ../clib/armsys.c                         0x00000000   Number         0  _get_argv_nomalloc.o ABSOLUTE
    ../clib/armsys.c                         0x00000000   Number         0  argv_veneer.o ABSOLUTE
    ../clib/division.s                       0x00000000   Number         0  aeabi_sdiv.o ABSOLUTE
    ../clib/division.s                       0x00000000   Number         0  aeabi_sdiv_div0.o ABSOLUTE
    ../clib/heapalloc.c                      0x00000000   Number         0  hrguard.o ABSOLUTE
    ../clib/heapaux.c                        0x00000000   Number         0  heapauxi.o ABSOLUTE
    ../clib/libinit.s                        0x00000000   Number         0  libinit2.o ABSOLUTE
    ../clib/libinit.s                        0x00000000   Number         0  libshutdown2.o ABSOLUTE
    ../clib/libinit.s                        0x00000000   Number         0  libshutdown.o ABSOLUTE
    ../clib/libinit.s                        0x00000000   Number         0  libinit.o ABSOLUTE
    ../clib/signal.c                         0x00000000   Number         0  defsig_rtmem_outer.o ABSOLUTE
    ../clib/signal.c                         0x00000000   Number         0  defsig_rtred_inner.o ABSOLUTE
    ../clib/signal.c                         0x00000000   Number         0  defsig_abrt_inner.o ABSOLUTE
    ../clib/signal.c                         0x00000000   Number         0  defsig_cppl_inner.o ABSOLUTE
    ../clib/signal.c                         0x00000000   Number         0  defsig_exit.o ABSOLUTE
    ../clib/signal.c                         0x00000000   Number         0  defsig_general.o ABSOLUTE
    ../clib/signal.c                         0x00000000   Number         0  __raise.o ABSOLUTE
    ../clib/signal.c                         0x00000000   Number         0  defsig_fpe_inner.o ABSOLUTE
    ../clib/signal.c                         0x00000000   Number         0  defsig_other.o ABSOLUTE
    ../clib/signal.c                         0x00000000   Number         0  defsig_segv_inner.o ABSOLUTE
    ../clib/signal.c                         0x00000000   Number         0  defsig_fpe_formal.o ABSOLUTE
    ../clib/signal.c                         0x00000000   Number         0  defsig_pvfn_inner.o ABSOLUTE
    ../clib/signal.c                         0x00000000   Number         0  defsig_rtmem_inner.o ABSOLUTE
    ../clib/signal.c                         0x00000000   Number         0  defsig_stak_inner.o ABSOLUTE
    ../clib/signal.c                         0x00000000   Number         0  defsig_rtmem_formal.o ABSOLUTE
    ../clib/signal.c                         0x00000000   Number         0  defsig_fpe_outer.o ABSOLUTE
    ../clib/signal.s                         0x00000000   Number         0  defsig.o ABSOLUTE
    ../clib/stdlib.c                         0x00000000   Number         0  exit.o ABSOLUTE
    ../clib/string.c                         0x00000000   Number         0  strlen.o ABSOLUTE
    ../fplib/cfplib/fpinit.c                 0x00000000   Number         0  fpinit.o ABSOLUTE
    IR.c                                     0x00000000   Number         0  ir.o ABSOLUTE
    IR.c                                     0x00000000   Number         0  ir.o ABSOLUTE
    RFID.c                                   0x00000000   Number         0  rfid.o ABSOLUTE
    RFID.c                                   0x00000000   Number         0  rfid.o ABSOLUTE
    RTE\Device\MKL46Z256xxx4\startup_MKL46Z4.s 0x00000000   Number         0  startup_mkl46z4.o ABSOLUTE
    RTE\Device\MKL46Z256xxx4\system_MKL46Z4.c 0x00000000   Number         0  system_mkl46z4.o ABSOLUTE
    RTE\\Device\\MKL46Z256xxx4\\system_MKL46Z4.c 0x00000000   Number         0  system_mkl46z4.o ABSOLUTE
    SPI.c                                    0x00000000   Number         0  spi.o ABSOLUTE
    SPI.c                                    0x00000000   Number         0  spi.o ABSOLUTE
    SysTick.c                                0x00000000   Number         0  systick.o ABSOLUTE
    SysTick.c                                0x00000000   Number         0  systick.o ABSOLUTE
    UART.c                                   0x00000000   Number         0  uart.o ABSOLUTE
    UART.c                                   0x00000000   Number         0  uart.o ABSOLUTE
    dc.s                                     0x00000000   Number         0  dc.o ABSOLUTE
    main.c                                   0x00000000   Number         0  main.o ABSOLUTE
    main.c                                   0x00000000   Number         0  main.o ABSOLUTE
    mapper.c                                 0x00000000   Number         0  mapper.o ABSOLUTE
    mapper.c                                 0x00000000   Number         0  mapper.o ABSOLUTE
    motorDriver2.c                           0x00000000   Number         0  motordriver2.o ABSOLUTE
    motorDriver2.c                           0x00000000   Number         0  motordriver2.o ABSOLUTE
    sonar.c                                  0x00000000   Number         0  sonar.o ABSOLUTE
    sonar.c                                  0x00000000   Number         0  sonar.o ABSOLUTE
    !!!main                                  0x000000c0   Section        8  __main.o(!!!main)
    !!!scatter                               0x000000c8   Section       60  __scatter.o(!!!scatter)
    !!handler_copy                           0x00000104   Section       26  __scatter_copy.o(!!handler_copy)
    !!handler_zi                             0x00000120   Section       28  __scatter_zi.o(!!handler_zi)
    .ARM.Collect$$libinit$$00000000          0x0000013c   Section        2  libinit.o(.ARM.Collect$$libinit$$00000000)
    .ARM.Collect$$libinit$$00000002          0x0000013e   Section        0  libinit2.o(.ARM.Collect$$libinit$$00000002)
    .ARM.Collect$$libinit$$00000004          0x0000013e   Section        0  libinit2.o(.ARM.Collect$$libinit$$00000004)
    .ARM.Collect$$libinit$$0000000A          0x0000013e   Section        0  libinit2.o(.ARM.Collect$$libinit$$0000000A)
    .ARM.Collect$$libinit$$0000000C          0x0000013e   Section        0  libinit2.o(.ARM.Collect$$libinit$$0000000C)
    .ARM.Collect$$libinit$$0000000E          0x0000013e   Section        0  libinit2.o(.ARM.Collect$$libinit$$0000000E)
    .ARM.Collect$$libinit$$00000011          0x0000013e   Section        0  libinit2.o(.ARM.Collect$$libinit$$00000011)
    .ARM.Collect$$libinit$$00000013          0x0000013e   Section        0  libinit2.o(.ARM.Collect$$libinit$$00000013)
    .ARM.Collect$$libinit$$00000015          0x0000013e   Section        0  libinit2.o(.ARM.Collect$$libinit$$00000015)
    .ARM.Collect$$libinit$$00000017          0x0000013e   Section        0  libinit2.o(.ARM.Collect$$libinit$$00000017)
    .ARM.Collect$$libinit$$00000019          0x0000013e   Section        0  libinit2.o(.ARM.Collect$$libinit$$00000019)
    .ARM.Collect$$libinit$$0000001B          0x0000013e   Section        0  libinit2.o(.ARM.Collect$$libinit$$0000001B)
    .ARM.Collect$$libinit$$0000001D          0x0000013e   Section        0  libinit2.o(.ARM.Collect$$libinit$$0000001D)
    .ARM.Collect$$libinit$$0000001F          0x0000013e   Section        0  libinit2.o(.ARM.Collect$$libinit$$0000001F)
    .ARM.Collect$$libinit$$00000021          0x0000013e   Section        0  libinit2.o(.ARM.Collect$$libinit$$00000021)
    .ARM.Collect$$libinit$$00000023          0x0000013e   Section        0  libinit2.o(.ARM.Collect$$libinit$$00000023)
    .ARM.Collect$$libinit$$00000025          0x0000013e   Section        0  libinit2.o(.ARM.Collect$$libinit$$00000025)
    .ARM.Collect$$libinit$$0000002C          0x0000013e   Section        0  libinit2.o(.ARM.Collect$$libinit$$0000002C)
    .ARM.Collect$$libinit$$0000002E          0x0000013e   Section        0  libinit2.o(.ARM.Collect$$libinit$$0000002E)
    .ARM.Collect$$libinit$$00000030          0x0000013e   Section        0  libinit2.o(.ARM.Collect$$libinit$$00000030)
    .ARM.Collect$$libinit$$00000032          0x0000013e   Section        0  libinit2.o(.ARM.Collect$$libinit$$00000032)
    .ARM.Collect$$libinit$$00000033          0x0000013e   Section        2  libinit2.o(.ARM.Collect$$libinit$$00000033)
    .ARM.Collect$$libshutdown$$00000000      0x00000140   Section        2  libshutdown.o(.ARM.Collect$$libshutdown$$00000000)
    .ARM.Collect$$libshutdown$$00000003      0x00000142   Section        0  libshutdown2.o(.ARM.Collect$$libshutdown$$00000003)
    .ARM.Collect$$libshutdown$$00000006      0x00000142   Section        0  libshutdown2.o(.ARM.Collect$$libshutdown$$00000006)
    .ARM.Collect$$libshutdown$$00000009      0x00000142   Section        0  libshutdown2.o(.ARM.Collect$$libshutdown$$00000009)
    .ARM.Collect$$libshutdown$$0000000B      0x00000142   Section        0  libshutdown2.o(.ARM.Collect$$libshutdown$$0000000B)
    .ARM.Collect$$libshutdown$$0000000E      0x00000142   Section        0  libshutdown2.o(.ARM.Collect$$libshutdown$$0000000E)
    .ARM.Collect$$libshutdown$$0000000F      0x00000142   Section        2  libshutdown2.o(.ARM.Collect$$libshutdown$$0000000F)
    .ARM.Collect$$rtentry$$00000000          0x00000144   Section        0  __rtentry.o(.ARM.Collect$$rtentry$$00000000)
    .ARM.Collect$$rtentry$$00000002          0x00000144   Section        0  __rtentry2.o(.ARM.Collect$$rtentry$$00000002)
    .ARM.Collect$$rtentry$$00000004          0x00000144   Section        6  __rtentry4.o(.ARM.Collect$$rtentry$$00000004)
    .ARM.Collect$$rtentry$$00000009          0x0000014a   Section        0  __rtentry2.o(.ARM.Collect$$rtentry$$00000009)
    .ARM.Collect$$rtentry$$0000000A          0x0000014a   Section        4  __rtentry2.o(.ARM.Collect$$rtentry$$0000000A)
    .ARM.Collect$$rtentry$$0000000C          0x0000014e   Section        0  __rtentry2.o(.ARM.Collect$$rtentry$$0000000C)
    .ARM.Collect$$rtentry$$0000000D          0x0000014e   Section        8  __rtentry2.o(.ARM.Collect$$rtentry$$0000000D)
    .ARM.Collect$$rtexit$$00000000           0x00000156   Section        2  rtexit.o(.ARM.Collect$$rtexit$$00000000)
    .ARM.Collect$$rtexit$$00000002           0x00000158   Section        0  rtexit2.o(.ARM.Collect$$rtexit$$00000002)
    .ARM.Collect$$rtexit$$00000003           0x00000158   Section        4  rtexit2.o(.ARM.Collect$$rtexit$$00000003)
    .ARM.Collect$$rtexit$$00000004           0x0000015c   Section        6  rtexit2.o(.ARM.Collect$$rtexit$$00000004)
    .text                                    0x00000164   Section       52  startup_mkl46z4.o(.text)
    .text                                    0x00000198   Section        0  strlen.o(.text)
    .text                                    0x000001dc   Section      346  aeabi_sdiv.o(.text)
    .text                                    0x00000336   Section        0  heapauxi.o(.text)
    .text                                    0x0000033c   Section       62  sys_stackheap_outer.o(.text)
    .text                                    0x0000037a   Section        0  exit.o(.text)
    .text                                    0x00000388   Section        8  libspace.o(.text)
    .text                                    0x00000390   Section        0  sys_exit.o(.text)
    .text                                    0x0000039c   Section        2  use_no_semi.o(.text)
    .text                                    0x0000039e   Section        0  indicate_semi.o(.text)
    i.Constant_measure                       0x0000039e   Section        0  ir.o(i.Constant_measure)
    i.NVIC_ClearPendingIRQ                   0x000003a0   Section        0  uart.o(i.NVIC_ClearPendingIRQ)
    NVIC_ClearPendingIRQ                     0x000003a1   Thumb Code    14  uart.o(i.NVIC_ClearPendingIRQ)
    i.NVIC_ClearPendingIRQ                   0x000003b4   Section        0  sonar.o(i.NVIC_ClearPendingIRQ)
    NVIC_ClearPendingIRQ                     0x000003b5   Thumb Code    14  sonar.o(i.NVIC_ClearPendingIRQ)
    i.NVIC_EnableIRQ                         0x000003c8   Section        0  uart.o(i.NVIC_EnableIRQ)
    NVIC_EnableIRQ                           0x000003c9   Thumb Code    14  uart.o(i.NVIC_EnableIRQ)
    i.NVIC_EnableIRQ                         0x000003dc   Section        0  sonar.o(i.NVIC_EnableIRQ)
    NVIC_EnableIRQ                           0x000003dd   Thumb Code    14  sonar.o(i.NVIC_EnableIRQ)
    i.SONAR_left_distance                    0x000003f0   Section        0  sonar.o(i.SONAR_left_distance)
    .ARM.__at_0x400                          0x00000400   Section       16  startup_mkl46z4.o(.ARM.__at_0x400)
    i.ADC0_IRQHandler                        0x00000410   Section        0  ir.o(i.ADC0_IRQHandler)
    i.ADCInitialize                          0x000005f0   Section        0  ir.o(i.ADCInitialize)
    ADCInitialize                            0x000005f1   Thumb Code   316  ir.o(i.ADCInitialize)
    i.Get_distance                           0x0000073c   Section        0  ir.o(i.Get_distance)
    i.IRInitialize                           0x0000085c   Section        0  ir.o(i.IRInitialize)
    i.NVIC_SetPriority                       0x000008e8   Section        0  systick.o(i.NVIC_SetPriority)
    NVIC_SetPriority                         0x000008e9   Thumb Code   110  systick.o(i.NVIC_SetPriority)
    i.NVIC_SetPriority                       0x00000960   Section        0  uart.o(i.NVIC_SetPriority)
    NVIC_SetPriority                         0x00000961   Thumb Code   110  uart.o(i.NVIC_SetPriority)
    i.NVIC_SetPriority                       0x000009d8   Section        0  ir.o(i.NVIC_SetPriority)
    NVIC_SetPriority                         0x000009d9   Thumb Code   110  ir.o(i.NVIC_SetPriority)
    i.NVIC_SetPriority                       0x00000a50   Section        0  motordriver2.o(i.NVIC_SetPriority)
    NVIC_SetPriority                         0x00000a51   Thumb Code   110  motordriver2.o(i.NVIC_SetPriority)
    i.NVIC_SetPriority                       0x00000ac8   Section        0  sonar.o(i.NVIC_SetPriority)
    NVIC_SetPriority                         0x00000ac9   Thumb Code   110  sonar.o(i.NVIC_SetPriority)
    i.PIT_IRQHandler                         0x00000b40   Section        0  sonar.o(i.PIT_IRQHandler)
    i.PIT_init                               0x00000b7c   Section        0  sonar.o(i.PIT_init)
    i.RC522_read                             0x00000bd4   Section        0  rfid.o(i.RC522_read)
    i.RC522_to_card                          0x00000c18   Section        0  rfid.o(i.RC522_to_card)
    i.RC522_write                            0x00000d68   Section        0  rfid.o(i.RC522_write)
    i.RFID_get_card_serial                   0x00000da4   Section        0  rfid.o(i.RFID_get_card_serial)
    i.RFID_init                              0x00000dec   Section        0  rfid.o(i.RFID_init)
    i.RFID_request                           0x00000e8c   Section        0  rfid.o(i.RFID_request)
    i.SONAR_init                             0x00000ec4   Section        0  sonar.o(i.SONAR_init)
    i.SONAR_right_distance                   0x00001024   Section        0  sonar.o(i.SONAR_right_distance)
    i.SONAR_trigger                          0x00001030   Section        0  sonar.o(i.SONAR_trigger)
    i.SPI_init                               0x0000109c   Section        0  spi.o(i.SPI_init)
    i.SPI_transmit                           0x00001138   Section        0  spi.o(i.SPI_transmit)
    i.Start_cont                             0x0000115c   Section        0  ir.o(i.Start_cont)
    i.SysTick_Config                         0x000011a8   Section        0  systick.o(i.SysTick_Config)
    SysTick_Config                           0x000011a9   Thumb Code    44  systick.o(i.SysTick_Config)
    i.SysTick_Handler                        0x000011dc   Section        0  main.o(i.SysTick_Handler)
    i.SysTick_init                           0x0000124c   Section        0  systick.o(i.SysTick_init)
    i.SystemCoreClockUpdate                  0x0000126c   Section        0  system_mkl46z4.o(i.SystemCoreClockUpdate)
    i.SystemInit                             0x000013c8   Section        0  system_mkl46z4.o(i.SystemInit)
    i.TPM0_IRQHandler                        0x00001498   Section        0  motordriver2.o(i.TPM0_IRQHandler)
    i.TPM2_IRQHandler                        0x00001580   Section        0  sonar.o(i.TPM2_IRQHandler)
    i.UART1_IRQHandler                       0x00001654   Section        0  uart.o(i.UART1_IRQHandler)
    i.UART2_IRQHandler                       0x00001714   Section        0  uart.o(i.UART2_IRQHandler)
    i.UART2_init                             0x000017d4   Section        0  uart.o(i.UART2_init)
    i.UART_GPIO_init                         0x0000187c   Section        0  uart.o(i.UART_GPIO_init)
    i.UART_get                               0x00001894   Section        0  uart.o(i.UART_get)
    i.UART_send                              0x00001928   Section        0  uart.o(i.UART_send)
    i.UART_send_int                          0x000019d8   Section        0  uart.o(i.UART_send_int)
    i.__ARM_common_switch8                   0x000019f0   Section        0  main.o(i.__ARM_common_switch8)
    i.add_wall                               0x00001a0c   Section        0  mapper.o(i.add_wall)
    i.change_direction_after_turn_around     0x00001bd4   Section        0  mapper.o(i.change_direction_after_turn_around)
    i.change_direction_after_turn_left       0x00001c18   Section        0  mapper.o(i.change_direction_after_turn_left)
    i.change_direction_after_turn_right      0x00001c5c   Section        0  mapper.o(i.change_direction_after_turn_right)
    i.check_distance                         0x00001ca0   Section        0  main.o(i.check_distance)
    i.check_wall_position                    0x00001d48   Section        0  main.o(i.check_wall_position)
    i.driveForward                           0x00001d9c   Section        0  motordriver2.o(i.driveForward)
    i.driveForwardDistLeftTrack              0x00001db0   Section        0  motordriver2.o(i.driveForwardDistLeftTrack)
    i.driveForwardDistRightTrack             0x00001e04   Section        0  motordriver2.o(i.driveForwardDistRightTrack)
    i.driveForwardLeftTrack                  0x00001e58   Section        0  motordriver2.o(i.driveForwardLeftTrack)
    i.driveForwardRightTrack                 0x00001e98   Section        0  motordriver2.o(i.driveForwardRightTrack)
    i.driveReverse                           0x00001ed8   Section        0  motordriver2.o(i.driveReverse)
    i.driveReverseDistLeftTrack              0x00001eec   Section        0  motordriver2.o(i.driveReverseDistLeftTrack)
    i.driveReverseDistRightTrack             0x00001f40   Section        0  motordriver2.o(i.driveReverseDistRightTrack)
    i.driveReverseLeftTrack                  0x00001f94   Section        0  motordriver2.o(i.driveReverseLeftTrack)
    i.driveReverseRightTrack                 0x00001fd4   Section        0  motordriver2.o(i.driveReverseRightTrack)
    i.driveStop                              0x00002014   Section        0  motordriver2.o(i.driveStop)
    i.driveStopLeft                          0x00002024   Section        0  motordriver2.o(i.driveStopLeft)
    i.driveStopRight                         0x00002030   Section        0  motordriver2.o(i.driveStopRight)
    i.int2string                             0x0000203c   Section        0  uart.o(i.int2string)
    i.main                                   0x000020ac   Section        0  main.o(i.main)
    i.mapper_init                            0x00002180   Section        0  mapper.o(i.mapper_init)
    i.motorDriverInit                        0x000021b8   Section        0  motordriver2.o(i.motorDriverInit)
    i.movement_algorithm                     0x00002318   Section        0  main.o(i.movement_algorithm)
    i.print_map                              0x00002844   Section        0  mapper.o(i.print_map)
    i.turnLeft                               0x000028cc   Section        0  motordriver2.o(i.turnLeft)
    i.turnRight                              0x000028f8   Section        0  motordriver2.o(i.turnRight)
    .data                                    0x1fffe000   Section       69  main.o(.data)
    IRN                                      0x1fffe000   Data           4  main.o(.data)
    inc                                      0x1fffe004   Data           4  main.o(.data)
    state                                    0x1fffe03b   Data           1  main.o(.data)
    diff_old                                 0x1fffe03c   Data           4  main.o(.data)
    diff                                     0x1fffe040   Data           4  main.o(.data)
    next_turn                                0x1fffe044   Data           1  main.o(.data)
    .data                                    0x1fffe045   Section        8  uart.o(.data)
    cnt                                      0x1fffe04b   Data           1  uart.o(.data)
    cnt                                      0x1fffe04c   Data           1  uart.o(.data)
    .data                                    0x1fffe050   Section        8  ir.o(.data)
    IRN                                      0x1fffe050   Data           4  ir.o(.data)
    inc                                      0x1fffe054   Data           4  ir.o(.data)
    .data                                    0x1fffe058   Section       41  motordriver2.o(.data)
    .data                                    0x1fffe084   Section       17  sonar.o(.data)
    left_measure_time                        0x1fffe08c   Data           4  sonar.o(.data)
    right_measure_time                       0x1fffe090   Data           4  sonar.o(.data)
    state                                    0x1fffe094   Data           1  sonar.o(.data)
    .data                                    0x1fffe098   Section       10  mapper.o(.data)
    IRN                                      0x1fffe098   Data           4  mapper.o(.data)
    inc                                      0x1fffe09c   Data           4  mapper.o(.data)
    .data                                    0x1fffe0a4   Section        4  system_mkl46z4.o(.data)
    .bss                                     0x1fffe0a8   Section      528  main.o(.bss)
    Mode                                     0x1fffe0a8   Data          12  main.o(.bss)
    IR                                       0x1fffe0b4   Data          12  main.o(.bss)
    Flag_conv                                0x1fffe0c0   Data          12  main.o(.bss)
    Flag_curr                                0x1fffe0cc   Data          12  main.o(.bss)
    Flag_next                                0x1fffe0d8   Data          12  main.o(.bss)
    Distance                                 0x1fffe0e4   Data          12  main.o(.bss)
    tab                                      0x1fffe0f0   Data         200  main.o(.bss)
    .bss                                     0x1fffe2b8   Section      512  uart.o(.bss)
    .bss                                     0x1fffe4b8   Section      272  ir.o(.bss)
    Mode                                     0x1fffe4b8   Data          12  ir.o(.bss)
    IR                                       0x1fffe4c4   Data          12  ir.o(.bss)
    Flag_conv                                0x1fffe4d0   Data          12  ir.o(.bss)
    Flag_curr                                0x1fffe4dc   Data          12  ir.o(.bss)
    Flag_next                                0x1fffe4e8   Data          12  ir.o(.bss)
    Distance                                 0x1fffe4f4   Data          12  ir.o(.bss)
    tab                                      0x1fffe500   Data         200  ir.o(.bss)
    .bss                                     0x1fffe5c8   Section      322  mapper.o(.bss)
    Mode                                     0x1fffe5c8   Data          12  mapper.o(.bss)
    IR                                       0x1fffe5d4   Data          12  mapper.o(.bss)
    Flag_conv                                0x1fffe5e0   Data          12  mapper.o(.bss)
    Flag_curr                                0x1fffe5ec   Data          12  mapper.o(.bss)
    Flag_next                                0x1fffe5f8   Data          12  mapper.o(.bss)
    Distance                                 0x1fffe604   Data          12  mapper.o(.bss)
    tab                                      0x1fffe610   Data         200  mapper.o(.bss)
    .bss                                     0x1fffe70c   Section       96  libspace.o(.bss)
    HEAP                                     0x1fffe770   Section        0  startup_mkl46z4.o(HEAP)
    STACK                                    0x1fffe770   Section      256  startup_mkl46z4.o(STACK)
    Heap_Mem                                 0x1fffe770   Data           0  startup_mkl46z4.o(HEAP)
    Stack_Mem                                0x1fffe770   Data         256  startup_mkl46z4.o(STACK)
    __initial_sp                             0x1fffe870   Data           0  startup_mkl46z4.o(STACK)

    Global Symbols

    Symbol Name                              Value     Ov Type        Size  Object(Section)

    BuildAttributes$$THM_ISAv3M$S$PE$A:L22$X:L11$S22$IEEE1$IW$USESV6$~STKCKD$USESV7$~SHL$OSPACE$ROPI$EBA8$UX$STANDARDLIB$REQ8$PRES8$EABIv2 0x00000000   Number         0  anon$$obj.o ABSOLUTE
    __ARM_use_no_argv                        0x00000000   Number         0  main.o ABSOLUTE
    __Vectors                                0x00000000   Data           4  startup_mkl46z4.o(RESET)
    __ARM_exceptions_init                     - Undefined Weak Reference
    __alloca_initialize                       - Undefined Weak Reference
    __arm_preinit_                            - Undefined Weak Reference
    __cpp_initialize__aeabi_                  - Undefined Weak Reference
    __cxa_finalize                            - Undefined Weak Reference
    __rt_locale                               - Undefined Weak Reference
    __sigvec_lookup                           - Undefined Weak Reference
    _atexit_init                              - Undefined Weak Reference
    _call_atexit_fns                          - Undefined Weak Reference
    _clock_init                               - Undefined Weak Reference
    _fp_trap_init                             - Undefined Weak Reference
    _fp_trap_shutdown                         - Undefined Weak Reference
    _get_lc_collate                           - Undefined Weak Reference
    _get_lc_ctype                             - Undefined Weak Reference
    _get_lc_monetary                          - Undefined Weak Reference
    _get_lc_numeric                           - Undefined Weak Reference
    _get_lc_time                              - Undefined Weak Reference
    _getenv_init                              - Undefined Weak Reference
    _handle_redirection                       - Undefined Weak Reference
    _init_alloc                               - Undefined Weak Reference
    _init_user_alloc                          - Undefined Weak Reference
    _initio                                   - Undefined Weak Reference
    _rand_init                                - Undefined Weak Reference
    _signal_finish                            - Undefined Weak Reference
    _signal_init                              - Undefined Weak Reference
    _terminate_alloc                          - Undefined Weak Reference
    _terminate_user_alloc                     - Undefined Weak Reference
    _terminateio                              - Undefined Weak Reference
    __Vectors_End                            0x000000c0   Data           0  startup_mkl46z4.o(RESET)
    __Vectors_Size                           0x000000c0   Number         0  startup_mkl46z4.o ABSOLUTE
    __main                                   0x000000c1   Thumb Code     8  __main.o(!!!main)
    __scatterload                            0x000000c9   Thumb Code     0  __scatter.o(!!!scatter)
    __scatterload_rt2                        0x000000c9   Thumb Code    52  __scatter.o(!!!scatter)
    __scatterload_rt2_thumb_only             0x000000c9   Thumb Code     0  __scatter.o(!!!scatter)
    __scatterload_null                       0x000000d9   Thumb Code     0  __scatter.o(!!!scatter)
    __scatterload_copy                       0x00000105   Thumb Code    26  __scatter_copy.o(!!handler_copy)
    __scatterload_zeroinit                   0x00000121   Thumb Code    28  __scatter_zi.o(!!handler_zi)
    __rt_lib_init                            0x0000013d   Thumb Code     0  libinit.o(.ARM.Collect$$libinit$$00000000)
    __rt_lib_init_alloca_1                   0x0000013f   Thumb Code     0  libinit2.o(.ARM.Collect$$libinit$$0000002E)
    __rt_lib_init_argv_1                     0x0000013f   Thumb Code     0  libinit2.o(.ARM.Collect$$libinit$$0000002C)
    __rt_lib_init_atexit_1                   0x0000013f   Thumb Code     0  libinit2.o(.ARM.Collect$$libinit$$0000001B)
    __rt_lib_init_clock_1                    0x0000013f   Thumb Code     0  libinit2.o(.ARM.Collect$$libinit$$00000021)
    __rt_lib_init_cpp_1                      0x0000013f   Thumb Code     0  libinit2.o(.ARM.Collect$$libinit$$00000032)
    __rt_lib_init_exceptions_1               0x0000013f   Thumb Code     0  libinit2.o(.ARM.Collect$$libinit$$00000030)
    __rt_lib_init_fp_1                       0x0000013f   Thumb Code     0  libinit2.o(.ARM.Collect$$libinit$$00000002)
    __rt_lib_init_fp_trap_1                  0x0000013f   Thumb Code     0  libinit2.o(.ARM.Collect$$libinit$$0000001F)
    __rt_lib_init_getenv_1                   0x0000013f   Thumb Code     0  libinit2.o(.ARM.Collect$$libinit$$00000023)
    __rt_lib_init_heap_1                     0x0000013f   Thumb Code     0  libinit2.o(.ARM.Collect$$libinit$$0000000A)
    __rt_lib_init_lc_collate_1               0x0000013f   Thumb Code     0  libinit2.o(.ARM.Collect$$libinit$$00000011)
    __rt_lib_init_lc_ctype_1                 0x0000013f   Thumb Code     0  libinit2.o(.ARM.Collect$$libinit$$00000013)
    __rt_lib_init_lc_monetary_1              0x0000013f   Thumb Code     0  libinit2.o(.ARM.Collect$$libinit$$00000015)
    __rt_lib_init_lc_numeric_1               0x0000013f   Thumb Code     0  libinit2.o(.ARM.Collect$$libinit$$00000017)
    __rt_lib_init_lc_time_1                  0x0000013f   Thumb Code     0  libinit2.o(.ARM.Collect$$libinit$$00000019)
    __rt_lib_init_preinit_1                  0x0000013f   Thumb Code     0  libinit2.o(.ARM.Collect$$libinit$$00000004)
    __rt_lib_init_rand_1                     0x0000013f   Thumb Code     0  libinit2.o(.ARM.Collect$$libinit$$0000000E)
    __rt_lib_init_return                     0x0000013f   Thumb Code     0  libinit2.o(.ARM.Collect$$libinit$$00000033)
    __rt_lib_init_signal_1                   0x0000013f   Thumb Code     0  libinit2.o(.ARM.Collect$$libinit$$0000001D)
    __rt_lib_init_stdio_1                    0x0000013f   Thumb Code     0  libinit2.o(.ARM.Collect$$libinit$$00000025)
    __rt_lib_init_user_alloc_1               0x0000013f   Thumb Code     0  libinit2.o(.ARM.Collect$$libinit$$0000000C)
    __rt_lib_shutdown                        0x00000141   Thumb Code     0  libshutdown.o(.ARM.Collect$$libshutdown$$00000000)
    __rt_lib_shutdown_fp_trap_1              0x00000143   Thumb Code     0  libshutdown2.o(.ARM.Collect$$libshutdown$$00000006)
    __rt_lib_shutdown_heap_1                 0x00000143   Thumb Code     0  libshutdown2.o(.ARM.Collect$$libshutdown$$0000000E)
    __rt_lib_shutdown_return                 0x00000143   Thumb Code     0  libshutdown2.o(.ARM.Collect$$libshutdown$$0000000F)
    __rt_lib_shutdown_signal_1               0x00000143   Thumb Code     0  libshutdown2.o(.ARM.Collect$$libshutdown$$00000009)
    __rt_lib_shutdown_stdio_1                0x00000143   Thumb Code     0  libshutdown2.o(.ARM.Collect$$libshutdown$$00000003)
    __rt_lib_shutdown_user_alloc_1           0x00000143   Thumb Code     0  libshutdown2.o(.ARM.Collect$$libshutdown$$0000000B)
    __rt_entry                               0x00000145   Thumb Code     0  __rtentry.o(.ARM.Collect$$rtentry$$00000000)
    __rt_entry_presh_1                       0x00000145   Thumb Code     0  __rtentry2.o(.ARM.Collect$$rtentry$$00000002)
    __rt_entry_sh                            0x00000145   Thumb Code     0  __rtentry4.o(.ARM.Collect$$rtentry$$00000004)
    __rt_entry_li                            0x0000014b   Thumb Code     0  __rtentry2.o(.ARM.Collect$$rtentry$$0000000A)
    __rt_entry_postsh_1                      0x0000014b   Thumb Code     0  __rtentry2.o(.ARM.Collect$$rtentry$$00000009)
    __rt_entry_main                          0x0000014f   Thumb Code     0  __rtentry2.o(.ARM.Collect$$rtentry$$0000000D)
    __rt_entry_postli_1                      0x0000014f   Thumb Code     0  __rtentry2.o(.ARM.Collect$$rtentry$$0000000C)
    __rt_exit                                0x00000157   Thumb Code     0  rtexit.o(.ARM.Collect$$rtexit$$00000000)
    __rt_exit_ls                             0x00000159   Thumb Code     0  rtexit2.o(.ARM.Collect$$rtexit$$00000003)
    __rt_exit_prels_1                        0x00000159   Thumb Code     0  rtexit2.o(.ARM.Collect$$rtexit$$00000002)
    __rt_exit_exit                           0x0000015d   Thumb Code     0  rtexit2.o(.ARM.Collect$$rtexit$$00000004)
    Reset_Handler                            0x00000165   Thumb Code     8  startup_mkl46z4.o(.text)
    NMI_Handler                              0x0000016d   Thumb Code     2  startup_mkl46z4.o(.text)
    HardFault_Handler                        0x0000016f   Thumb Code     2  startup_mkl46z4.o(.text)
    SVC_Handler                              0x00000171   Thumb Code     2  startup_mkl46z4.o(.text)
    PendSV_Handler                           0x00000173   Thumb Code     2  startup_mkl46z4.o(.text)
    CMP0_IRQHandler                          0x00000177   Thumb Code     0  startup_mkl46z4.o(.text)
    DAC0_IRQHandler                          0x00000177   Thumb Code     0  startup_mkl46z4.o(.text)
    DMA0_IRQHandler                          0x00000177   Thumb Code     0  startup_mkl46z4.o(.text)
    DMA1_IRQHandler                          0x00000177   Thumb Code     0  startup_mkl46z4.o(.text)
    DMA2_IRQHandler                          0x00000177   Thumb Code     0  startup_mkl46z4.o(.text)
    DMA3_IRQHandler                          0x00000177   Thumb Code     0  startup_mkl46z4.o(.text)
    DefaultISR                               0x00000177   Thumb Code     0  startup_mkl46z4.o(.text)
    FTFA_IRQHandler                          0x00000177   Thumb Code     0  startup_mkl46z4.o(.text)
    I2C0_IRQHandler                          0x00000177   Thumb Code     0  startup_mkl46z4.o(.text)
    I2C1_IRQHandler                          0x00000177   Thumb Code     0  startup_mkl46z4.o(.text)
    I2S0_IRQHandler                          0x00000177   Thumb Code     0  startup_mkl46z4.o(.text)
    LCD_IRQHandler                           0x00000177   Thumb Code     0  startup_mkl46z4.o(.text)
    LLW_IRQHandler                           0x00000177   Thumb Code     0  startup_mkl46z4.o(.text)
    LPTimer_IRQHandler                       0x00000177   Thumb Code     0  startup_mkl46z4.o(.text)
    LVD_LVW_IRQHandler                       0x00000177   Thumb Code     0  startup_mkl46z4.o(.text)
    MCG_IRQHandler                           0x00000177   Thumb Code     0  startup_mkl46z4.o(.text)
    PORTA_IRQHandler                         0x00000177   Thumb Code     0  startup_mkl46z4.o(.text)
    PORTC_PORTD_IRQHandler                   0x00000177   Thumb Code     0  startup_mkl46z4.o(.text)
    RTC_IRQHandler                           0x00000177   Thumb Code     0  startup_mkl46z4.o(.text)
    RTC_Seconds_IRQHandler                   0x00000177   Thumb Code     0  startup_mkl46z4.o(.text)
    Reserved20_IRQHandler                    0x00000177   Thumb Code     0  startup_mkl46z4.o(.text)
    SPI0_IRQHandler                          0x00000177   Thumb Code     0  startup_mkl46z4.o(.text)
    SPI1_IRQHandler                          0x00000177   Thumb Code     0  startup_mkl46z4.o(.text)
    TPM1_IRQHandler                          0x00000177   Thumb Code     0  startup_mkl46z4.o(.text)
    TSI0_IRQHandler                          0x00000177   Thumb Code     0  startup_mkl46z4.o(.text)
    UART0_IRQHandler                         0x00000177   Thumb Code     0  startup_mkl46z4.o(.text)
    USB0_IRQHandler                          0x00000177   Thumb Code     0  startup_mkl46z4.o(.text)
    __user_initial_stackheap                 0x00000179   Thumb Code     0  startup_mkl46z4.o(.text)
    strlen                                   0x00000199   Thumb Code    62  strlen.o(.text)
    __aeabi_uidiv                            0x000001dd   Thumb Code     0  aeabi_sdiv.o(.text)
    __aeabi_uidivmod                         0x000001dd   Thumb Code    20  aeabi_sdiv.o(.text)
    __aeabi_idiv                             0x000001f1   Thumb Code     0  aeabi_sdiv.o(.text)
    __aeabi_idivmod                          0x000001f1   Thumb Code   326  aeabi_sdiv.o(.text)
    __use_two_region_memory                  0x00000337   Thumb Code     2  heapauxi.o(.text)
    __rt_heap_escrow$2region                 0x00000339   Thumb Code     2  heapauxi.o(.text)
    __rt_heap_expand$2region                 0x0000033b   Thumb Code     2  heapauxi.o(.text)
    __user_setup_stackheap                   0x0000033d   Thumb Code    62  sys_stackheap_outer.o(.text)
    exit                                     0x0000037b   Thumb Code    12  exit.o(.text)
    __user_libspace                          0x00000389   Thumb Code     8  libspace.o(.text)
    __user_perproc_libspace                  0x00000389   Thumb Code     0  libspace.o(.text)
    __user_perthread_libspace                0x00000389   Thumb Code     0  libspace.o(.text)
    _sys_exit                                0x00000391   Thumb Code     8  sys_exit.o(.text)
    __I$use$semihosting                      0x0000039d   Thumb Code     0  use_no_semi.o(.text)
    __use_no_semihosting_swi                 0x0000039d   Thumb Code     2  use_no_semi.o(.text)
    Constant_measure                         0x0000039f   Thumb Code     2  ir.o(i.Constant_measure)
    __semihosting_library_function           0x0000039f   Thumb Code     0  indicate_semi.o(.text)
    SONAR_left_distance                      0x000003f1   Thumb Code     6  sonar.o(i.SONAR_left_distance)
    ADC0_IRQHandler                          0x00000411   Thumb Code   426  ir.o(i.ADC0_IRQHandler)
    Get_distance                             0x0000073d   Thumb Code   258  ir.o(i.Get_distance)
    IRInitialize                             0x0000085d   Thumb Code   124  ir.o(i.IRInitialize)
    PIT_IRQHandler                           0x00000b41   Thumb Code    50  sonar.o(i.PIT_IRQHandler)
    PIT_init                                 0x00000b7d   Thumb Code    74  sonar.o(i.PIT_init)
    RC522_read                               0x00000bd5   Thumb Code    62  rfid.o(i.RC522_read)
    RC522_to_card                            0x00000c19   Thumb Code   336  rfid.o(i.RC522_to_card)
    RC522_write                              0x00000d69   Thumb Code    54  rfid.o(i.RC522_write)
    RFID_get_card_serial                     0x00000da5   Thumb Code    72  rfid.o(i.RFID_get_card_serial)
    RFID_init                                0x00000ded   Thumb Code   146  rfid.o(i.RFID_init)
    RFID_request                             0x00000e8d   Thumb Code    56  rfid.o(i.RFID_request)
    SONAR_init                               0x00000ec5   Thumb Code   322  sonar.o(i.SONAR_init)
    SONAR_right_distance                     0x00001025   Thumb Code     6  sonar.o(i.SONAR_right_distance)
    SONAR_trigger                            0x00001031   Thumb Code    96  sonar.o(i.SONAR_trigger)
    SPI_init                                 0x0000109d   Thumb Code   138  spi.o(i.SPI_init)
    SPI_transmit                             0x00001139   Thumb Code    32  spi.o(i.SPI_transmit)
    Start_cont                               0x0000115d   Thumb Code    60  ir.o(i.Start_cont)
    SysTick_Handler                          0x000011dd   Thumb Code    92  main.o(i.SysTick_Handler)
    SysTick_init                             0x0000124d   Thumb Code    26  systick.o(i.SysTick_init)
    SystemCoreClockUpdate                    0x0000126d   Thumb Code   320  system_mkl46z4.o(i.SystemCoreClockUpdate)
    SystemInit                               0x000013c9   Thumb Code   180  system_mkl46z4.o(i.SystemInit)
    TPM0_IRQHandler                          0x00001499   Thumb Code   188  motordriver2.o(i.TPM0_IRQHandler)
    TPM2_IRQHandler                          0x00001581   Thumb Code   186  sonar.o(i.TPM2_IRQHandler)
    UART1_IRQHandler                         0x00001655   Thumb Code   162  uart.o(i.UART1_IRQHandler)
    UART2_IRQHandler                         0x00001715   Thumb Code   162  uart.o(i.UART2_IRQHandler)
    UART2_init                               0x000017d5   Thumb Code   150  uart.o(i.UART2_init)
    UART_GPIO_init                           0x0000187d   Thumb Code    22  uart.o(i.UART_GPIO_init)
    UART_get                                 0x00001895   Thumb Code   122  uart.o(i.UART_get)
    UART_send                                0x00001929   Thumb Code   144  uart.o(i.UART_send)
    UART_send_int                            0x000019d9   Thumb Code    24  uart.o(i.UART_send_int)
    __ARM_common_switch8                     0x000019f1   Thumb Code    28  main.o(i.__ARM_common_switch8)
    add_wall                                 0x00001a0d   Thumb Code   440  mapper.o(i.add_wall)
    change_direction_after_turn_around       0x00001bd5   Thumb Code    64  mapper.o(i.change_direction_after_turn_around)
    change_direction_after_turn_left         0x00001c19   Thumb Code    64  mapper.o(i.change_direction_after_turn_left)
    change_direction_after_turn_right        0x00001c5d   Thumb Code    64  mapper.o(i.change_direction_after_turn_right)
    check_distance                           0x00001ca1   Thumb Code   120  main.o(i.check_distance)
    check_wall_position                      0x00001d49   Thumb Code    66  main.o(i.check_wall_position)
    driveForward                             0x00001d9d   Thumb Code    18  motordriver2.o(i.driveForward)
    driveForwardDistLeftTrack                0x00001db1   Thumb Code    64  motordriver2.o(i.driveForwardDistLeftTrack)
    driveForwardDistRightTrack               0x00001e05   Thumb Code    64  motordriver2.o(i.driveForwardDistRightTrack)
    driveForwardLeftTrack                    0x00001e59   Thumb Code    52  motordriver2.o(i.driveForwardLeftTrack)
    driveForwardRightTrack                   0x00001e99   Thumb Code    52  motordriver2.o(i.driveForwardRightTrack)
    driveReverse                             0x00001ed9   Thumb Code    18  motordriver2.o(i.driveReverse)
    driveReverseDistLeftTrack                0x00001eed   Thumb Code    64  motordriver2.o(i.driveReverseDistLeftTrack)
    driveReverseDistRightTrack               0x00001f41   Thumb Code    64  motordriver2.o(i.driveReverseDistRightTrack)
    driveReverseLeftTrack                    0x00001f95   Thumb Code    52  motordriver2.o(i.driveReverseLeftTrack)
    driveReverseRightTrack                   0x00001fd5   Thumb Code    52  motordriver2.o(i.driveReverseRightTrack)
    driveStop                                0x00002015   Thumb Code    10  motordriver2.o(i.driveStop)
    driveStopLeft                            0x00002025   Thumb Code     8  motordriver2.o(i.driveStopLeft)
    driveStopRight                           0x00002031   Thumb Code     8  motordriver2.o(i.driveStopRight)
    int2string                               0x0000203d   Thumb Code   110  uart.o(i.int2string)
    main                                     0x000020ad   Thumb Code   166  main.o(i.main)
    mapper_init                              0x00002181   Thumb Code    42  mapper.o(i.mapper_init)
    motorDriverInit                          0x000021b9   Thumb Code   316  motordriver2.o(i.motorDriverInit)
    movement_algorithm                       0x00002319   Thumb Code  1238  main.o(i.movement_algorithm)
    print_map                                0x00002845   Thumb Code    86  mapper.o(i.print_map)
    turnLeft                                 0x000028cd   Thumb Code    40  motordriver2.o(i.turnLeft)
    turnRight                                0x000028f9   Thumb Code    40  motordriver2.o(i.turnRight)
    Region$$Table$$Base                      0x00002924   Number         0  anon$$obj.o(Region$$Table)
    Region$$Table$$Limit                     0x00002944   Number         0  anon$$obj.o(Region$$Table)
    timer                                    0x1fffe008   Data           2  main.o(.data)
    timer2                                   0x1fffe00a   Data           2  main.o(.data)
    timer3                                   0x1fffe00c   Data           2  main.o(.data)
    rfid_timer                               0x1fffe00e   Data           2  main.o(.data)
    motor_timer                              0x1fffe010   Data           2  main.o(.data)
    front_sensor                             0x1fffe014   Data           4  main.o(.data)
    right_sensor                             0x1fffe018   Data           4  main.o(.data)
    left_sensor                              0x1fffe01c   Data           4  main.o(.data)
    left_sonar                               0x1fffe020   Data           4  main.o(.data)
    right_sonar                              0x1fffe024   Data           4  main.o(.data)
    diff                                     0x1fffe028   Data           4  main.o(.data)
    diff_old                                 0x1fffe02c   Data           4  main.o(.data)
    rozn                                     0x1fffe030   Data           4  main.o(.data)
    odl                                      0x1fffe034   Data           4  main.o(.data)
    wall_position                            0x1fffe038   Data           1  main.o(.data)
    start                                    0x1fffe039   Data           1  main.o(.data)
    dzielnik                                 0x1fffe03a   Data           1  main.o(.data)
    UART1_head                               0x1fffe045   Data           1  uart.o(.data)
    UART1_tail                               0x1fffe046   Data           1  uart.o(.data)
    UART1_receive_flag                       0x1fffe047   Data           1  uart.o(.data)
    UART2_head                               0x1fffe048   Data           1  uart.o(.data)
    UART2_tail                               0x1fffe049   Data           1  uart.o(.data)
    UART2_receive_flag                       0x1fffe04a   Data           1  uart.o(.data)
    tmp1                                     0x1fffe058   Data           4  motordriver2.o(.data)
    tmp2                                     0x1fffe05c   Data           4  motordriver2.o(.data)
    tmp3                                     0x1fffe060   Data           1  motordriver2.o(.data)
    ACTUAL_DISTANCE                          0x1fffe064   Data           4  motordriver2.o(.data)
    ACT_DIST_LEFT                            0x1fffe068   Data           4  motordriver2.o(.data)
    ACT_DIST_RIGHT                           0x1fffe06c   Data           4  motordriver2.o(.data)
    distance                                 0x1fffe070   Data           1  motordriver2.o(.data)
    FLAG_LIMIT_DIST                          0x1fffe071   Data           1  motordriver2.o(.data)
    FLAG_LIMIT_DIST_LEFT                     0x1fffe072   Data           1  motordriver2.o(.data)
    FLAG_LIMIT_DIST_RIGHT                    0x1fffe073   Data           1  motordriver2.o(.data)
    LIMIT                                    0x1fffe074   Data           4  motordriver2.o(.data)
    LIMIT_LEFT                               0x1fffe078   Data           4  motordriver2.o(.data)
    LIMIT_RIGHT                              0x1fffe07c   Data           4  motordriver2.o(.data)
    FLAG_ENCODER                             0x1fffe080   Data           1  motordriver2.o(.data)
    left_distance                            0x1fffe084   Data           4  sonar.o(.data)
    right_distance                           0x1fffe088   Data           4  sonar.o(.data)
    current_direction                        0x1fffe0a0   Data           1  mapper.o(.data)
    indeks                                   0x1fffe0a1   Data           1  mapper.o(.data)
    SystemCoreClock                          0x1fffe0a4   Data           4  system_mkl46z4.o(.data)
    command                                  0x1fffe1b8   Data         256  main.o(.bss)
    UART1_TX_bufor                           0x1fffe2b8   Data         128  uart.o(.bss)
    UART1_RX_bufor                           0x1fffe338   Data         128  uart.o(.bss)
    UART2_TX_bufor                           0x1fffe3b8   Data         128  uart.o(.bss)
    UART2_RX_bufor                           0x1fffe438   Data         128  uart.o(.bss)
    map                                      0x1fffe6d8   Data          50  mapper.o(.bss)
    __libspace_start                         0x1fffe70c   Data          96  libspace.o(.bss)
    __temporary_stack_top$libspace           0x1fffe76c   Data           0  libspace.o(.bss)



==============================================================================

Memory Map of the image

  Image Entry point : 0x000000c1

  Load Region LR_IROM1 (Base: 0x00000000, Size: 0x000029ec, Max: 0x00040000, ABSOLUTE)

    Execution Region ER_IROM1 (Base: 0x00000000, Size: 0x00002944, Max: 0x00040000, ABSOLUTE)

    Base Addr    Size         Type   Attr      Idx    E Section Name        Object

    0x00000000   0x000000c0   Data   RO          710    RESET               startup_mkl46z4.o
    0x000000c0   0x00000008   Code   RO          760  * !!!main             c_p.l(__main.o)
    0x000000c8   0x0000003c   Code   RO          928    !!!scatter          c_p.l(__scatter.o)
    0x00000104   0x0000001a   Code   RO          930    !!handler_copy      c_p.l(__scatter_copy.o)
    0x0000011e   0x00000002   PAD
    0x00000120   0x0000001c   Code   RO          932    !!handler_zi        c_p.l(__scatter_zi.o)
    0x0000013c   0x00000002   Code   RO          798    .ARM.Collect$$libinit$$00000000  c_p.l(libinit.o)
    0x0000013e   0x00000000   Code   RO          812    .ARM.Collect$$libinit$$00000002  c_p.l(libinit2.o)
    0x0000013e   0x00000000   Code   RO          814    .ARM.Collect$$libinit$$00000004  c_p.l(libinit2.o)
    0x0000013e   0x00000000   Code   RO          817    .ARM.Collect$$libinit$$0000000A  c_p.l(libinit2.o)
    0x0000013e   0x00000000   Code   RO          819    .ARM.Collect$$libinit$$0000000C  c_p.l(libinit2.o)
    0x0000013e   0x00000000   Code   RO          821    .ARM.Collect$$libinit$$0000000E  c_p.l(libinit2.o)
    0x0000013e   0x00000000   Code   RO          824    .ARM.Collect$$libinit$$00000011  c_p.l(libinit2.o)
    0x0000013e   0x00000000   Code   RO          826    .ARM.Collect$$libinit$$00000013  c_p.l(libinit2.o)
    0x0000013e   0x00000000   Code   RO          828    .ARM.Collect$$libinit$$00000015  c_p.l(libinit2.o)
    0x0000013e   0x00000000   Code   RO          830    .ARM.Collect$$libinit$$00000017  c_p.l(libinit2.o)
    0x0000013e   0x00000000   Code   RO          832    .ARM.Collect$$libinit$$00000019  c_p.l(libinit2.o)
    0x0000013e   0x00000000   Code   RO          834    .ARM.Collect$$libinit$$0000001B  c_p.l(libinit2.o)
    0x0000013e   0x00000000   Code   RO          836    .ARM.Collect$$libinit$$0000001D  c_p.l(libinit2.o)
    0x0000013e   0x00000000   Code   RO          838    .ARM.Collect$$libinit$$0000001F  c_p.l(libinit2.o)
    0x0000013e   0x00000000   Code   RO          840    .ARM.Collect$$libinit$$00000021  c_p.l(libinit2.o)
    0x0000013e   0x00000000   Code   RO          842    .ARM.Collect$$libinit$$00000023  c_p.l(libinit2.o)
    0x0000013e   0x00000000   Code   RO          844    .ARM.Collect$$libinit$$00000025  c_p.l(libinit2.o)
    0x0000013e   0x00000000   Code   RO          848    .ARM.Collect$$libinit$$0000002C  c_p.l(libinit2.o)
    0x0000013e   0x00000000   Code   RO          850    .ARM.Collect$$libinit$$0000002E  c_p.l(libinit2.o)
    0x0000013e   0x00000000   Code   RO          852    .ARM.Collect$$libinit$$00000030  c_p.l(libinit2.o)
    0x0000013e   0x00000000   Code   RO          854    .ARM.Collect$$libinit$$00000032  c_p.l(libinit2.o)
    0x0000013e   0x00000002   Code   RO          855    .ARM.Collect$$libinit$$00000033  c_p.l(libinit2.o)
    0x00000140   0x00000002   Code   RO          886    .ARM.Collect$$libshutdown$$00000000  c_p.l(libshutdown.o)
    0x00000142   0x00000000   Code   RO          913    .ARM.Collect$$libshutdown$$00000003  c_p.l(libshutdown2.o)
    0x00000142   0x00000000   Code   RO          916    .ARM.Collect$$libshutdown$$00000006  c_p.l(libshutdown2.o)
    0x00000142   0x00000000   Code   RO          919    .ARM.Collect$$libshutdown$$00000009  c_p.l(libshutdown2.o)
    0x00000142   0x00000000   Code   RO          921    .ARM.Collect$$libshutdown$$0000000B  c_p.l(libshutdown2.o)
    0x00000142   0x00000000   Code   RO          924    .ARM.Collect$$libshutdown$$0000000E  c_p.l(libshutdown2.o)
    0x00000142   0x00000002   Code   RO          925    .ARM.Collect$$libshutdown$$0000000F  c_p.l(libshutdown2.o)
    0x00000144   0x00000000   Code   RO          762    .ARM.Collect$$rtentry$$00000000  c_p.l(__rtentry.o)
    0x00000144   0x00000000   Code   RO          768    .ARM.Collect$$rtentry$$00000002  c_p.l(__rtentry2.o)
    0x00000144   0x00000006   Code   RO          780    .ARM.Collect$$rtentry$$00000004  c_p.l(__rtentry4.o)
    0x0000014a   0x00000000   Code   RO          770    .ARM.Collect$$rtentry$$00000009  c_p.l(__rtentry2.o)
    0x0000014a   0x00000004   Code   RO          771    .ARM.Collect$$rtentry$$0000000A  c_p.l(__rtentry2.o)
    0x0000014e   0x00000000   Code   RO          773    .ARM.Collect$$rtentry$$0000000C  c_p.l(__rtentry2.o)
    0x0000014e   0x00000008   Code   RO          774    .ARM.Collect$$rtentry$$0000000D  c_p.l(__rtentry2.o)
    0x00000156   0x00000002   Code   RO          803    .ARM.Collect$$rtexit$$00000000  c_p.l(rtexit.o)
    0x00000158   0x00000000   Code   RO          859    .ARM.Collect$$rtexit$$00000002  c_p.l(rtexit2.o)
    0x00000158   0x00000004   Code   RO          860    .ARM.Collect$$rtexit$$00000003  c_p.l(rtexit2.o)
    0x0000015c   0x00000006   Code   RO          861    .ARM.Collect$$rtexit$$00000004  c_p.l(rtexit2.o)
    0x00000162   0x00000002   PAD
    0x00000164   0x00000034   Code   RO          712    .text               startup_mkl46z4.o
    0x00000198   0x00000044   Code   RO          752    .text               c_p.l(strlen.o)
    0x000001dc   0x0000015a   Code   RO          754    .text               c_p.l(aeabi_sdiv.o)
    0x00000336   0x00000006   Code   RO          758    .text               c_p.l(heapauxi.o)
    0x0000033c   0x0000003e   Code   RO          784    .text               c_p.l(sys_stackheap_outer.o)
    0x0000037a   0x0000000c   Code   RO          787    .text               c_p.l(exit.o)
    0x00000386   0x00000002   PAD
    0x00000388   0x00000008   Code   RO          799    .text               c_p.l(libspace.o)
    0x00000390   0x0000000c   Code   RO          856    .text               c_p.l(sys_exit.o)
    0x0000039c   0x00000002   Code   RO          875    .text               c_p.l(use_no_semi.o)
    0x0000039e   0x00000000   Code   RO          877    .text               c_p.l(indicate_semi.o)
    0x0000039e   0x00000002   Code   RO          241    i.Constant_measure  ir.o
    0x000003a0   0x00000014   Code   RO          146    i.NVIC_ClearPendingIRQ  uart.o
    0x000003b4   0x00000014   Code   RO          579    i.NVIC_ClearPendingIRQ  sonar.o
    0x000003c8   0x00000014   Code   RO          147    i.NVIC_EnableIRQ    uart.o
    0x000003dc   0x00000014   Code   RO          580    i.NVIC_EnableIRQ    sonar.o
    0x000003f0   0x0000000c   Code   RO          585    i.SONAR_left_distance  sonar.o
    0x000003fc   0x00000004   PAD
    0x00000400   0x00000010   Code   RO          711    .ARM.__at_0x400     startup_mkl46z4.o
    0x00000410   0x000001e0   Code   RO          239    i.ADC0_IRQHandler   ir.o
    0x000005f0   0x0000014c   Code   RO          240    i.ADCInitialize     ir.o
    0x0000073c   0x00000120   Code   RO          242    i.Get_distance      ir.o
    0x0000085c   0x0000008c   Code   RO          243    i.IRInitialize      ir.o
    0x000008e8   0x00000078   Code   RO          107    i.NVIC_SetPriority  systick.o
    0x00000960   0x00000078   Code   RO          148    i.NVIC_SetPriority  uart.o
    0x000009d8   0x00000078   Code   RO          244    i.NVIC_SetPriority  ir.o
    0x00000a50   0x00000078   Code   RO          309    i.NVIC_SetPriority  motordriver2.o
    0x00000ac8   0x00000078   Code   RO          581    i.NVIC_SetPriority  sonar.o
    0x00000b40   0x0000003c   Code   RO          582    i.PIT_IRQHandler    sonar.o
    0x00000b7c   0x00000058   Code   RO          583    i.PIT_init          sonar.o
    0x00000bd4   0x00000044   Code   RO          501    i.RC522_read        rfid.o
    0x00000c18   0x00000150   Code   RO          502    i.RC522_to_card     rfid.o
    0x00000d68   0x0000003c   Code   RO          503    i.RC522_write       rfid.o
    0x00000da4   0x00000048   Code   RO          506    i.RFID_get_card_serial  rfid.o
    0x00000dec   0x000000a0   Code   RO          507    i.RFID_init         rfid.o
    0x00000e8c   0x00000038   Code   RO          508    i.RFID_request      rfid.o
    0x00000ec4   0x00000160   Code   RO          584    i.SONAR_init        sonar.o
    0x00001024   0x0000000c   Code   RO          586    i.SONAR_right_distance  sonar.o
    0x00001030   0x0000006c   Code   RO          587    i.SONAR_trigger     sonar.o
    0x0000109c   0x0000009c   Code   RO          472    i.SPI_init          spi.o
    0x00001138   0x00000024   Code   RO          473    i.SPI_transmit      spi.o
    0x0000115c   0x0000004c   Code   RO          245    i.Start_cont        ir.o
    0x000011a8   0x00000034   Code   RO          108    i.SysTick_Config    systick.o
    0x000011dc   0x00000070   Code   RO            3    i.SysTick_Handler   main.o
    0x0000124c   0x00000020   Code   RO          110    i.SysTick_init      systick.o
    0x0000126c   0x0000015c   Code   RO          720    i.SystemCoreClockUpdate  system_mkl46z4.o
    0x000013c8   0x000000d0   Code   RO          721    i.SystemInit        system_mkl46z4.o
    0x00001498   0x000000e8   Code   RO          310    i.TPM0_IRQHandler   motordriver2.o
    0x00001580   0x000000d4   Code   RO          588    i.TPM2_IRQHandler   sonar.o
    0x00001654   0x000000c0   Code   RO          149    i.UART1_IRQHandler  uart.o
    0x00001714   0x000000c0   Code   RO          151    i.UART2_IRQHandler  uart.o
    0x000017d4   0x000000a8   Code   RO          152    i.UART2_init        uart.o
    0x0000187c   0x00000016   Code   RO          153    i.UART_GPIO_init    uart.o
    0x00001892   0x00000002   PAD
    0x00001894   0x00000094   Code   RO          154    i.UART_get          uart.o
    0x00001928   0x000000b0   Code   RO          155    i.UART_send         uart.o
    0x000019d8   0x00000018   Code   RO          156    i.UART_send_int     uart.o
    0x000019f0   0x0000001c   Code   RO           53    i.__ARM_common_switch8  main.o
    0x00001a0c   0x000001c8   Code   RO          656    i.add_wall          mapper.o
    0x00001bd4   0x00000044   Code   RO          657    i.change_direction_after_turn_around  mapper.o
    0x00001c18   0x00000044   Code   RO          658    i.change_direction_after_turn_left  mapper.o
    0x00001c5c   0x00000044   Code   RO          659    i.change_direction_after_turn_right  mapper.o
    0x00001ca0   0x000000a8   Code   RO            4    i.check_distance    main.o
    0x00001d48   0x00000054   Code   RO            5    i.check_wall_position  main.o
    0x00001d9c   0x00000012   Code   RO          312    i.driveForward      motordriver2.o
    0x00001dae   0x00000002   PAD
    0x00001db0   0x00000054   Code   RO          314    i.driveForwardDistLeftTrack  motordriver2.o
    0x00001e04   0x00000054   Code   RO          315    i.driveForwardDistRightTrack  motordriver2.o
    0x00001e58   0x00000040   Code   RO          316    i.driveForwardLeftTrack  motordriver2.o
    0x00001e98   0x00000040   Code   RO          317    i.driveForwardRightTrack  motordriver2.o
    0x00001ed8   0x00000012   Code   RO          318    i.driveReverse      motordriver2.o
    0x00001eea   0x00000002   PAD
    0x00001eec   0x00000054   Code   RO          320    i.driveReverseDistLeftTrack  motordriver2.o
    0x00001f40   0x00000054   Code   RO          321    i.driveReverseDistRightTrack  motordriver2.o
    0x00001f94   0x00000040   Code   RO          322    i.driveReverseLeftTrack  motordriver2.o
    0x00001fd4   0x00000040   Code   RO          323    i.driveReverseRightTrack  motordriver2.o
    0x00002014   0x00000010   Code   RO          324    i.driveStop         motordriver2.o
    0x00002024   0x0000000c   Code   RO          325    i.driveStopLeft     motordriver2.o
    0x00002030   0x0000000c   Code   RO          326    i.driveStopRight    motordriver2.o
    0x0000203c   0x0000006e   Code   RO          157    i.int2string        uart.o
    0x000020aa   0x00000002   PAD
    0x000020ac   0x000000d4   Code   RO            6    i.main              main.o
    0x00002180   0x00000038   Code   RO          660    i.mapper_init       mapper.o
    0x000021b8   0x00000160   Code   RO          327    i.motorDriverInit   motordriver2.o
    0x00002318   0x0000052c   Code   RO            7    i.movement_algorithm  main.o
    0x00002844   0x00000088   Code   RO          661    i.print_map         mapper.o
    0x000028cc   0x0000002c   Code   RO          328    i.turnLeft          motordriver2.o
    0x000028f8   0x0000002c   Code   RO          329    i.turnRight         motordriver2.o
    0x00002924   0x00000020   Data   RO          926    Region$$Table       anon$$obj.o


    Execution Region RW_IRAM1 (Base: 0x1fffe000, Size: 0x00000870, Max: 0x00008000, ABSOLUTE)

    Base Addr    Size         Type   Attr      Idx    E Section Name        Object

    0x1fffe000   0x00000045   Data   RW           10    .data               main.o
    0x1fffe045   0x00000008   Data   RW          159    .data               uart.o
    0x1fffe04d   0x00000003   PAD
    0x1fffe050   0x00000008   Data   RW          248    .data               ir.o
    0x1fffe058   0x00000029   Data   RW          333    .data               motordriver2.o
    0x1fffe081   0x00000003   PAD
    0x1fffe084   0x00000011   Data   RW          589    .data               sonar.o
    0x1fffe095   0x00000003   PAD
    0x1fffe098   0x0000000a   Data   RW          663    .data               mapper.o
    0x1fffe0a2   0x00000002   PAD
    0x1fffe0a4   0x00000004   Data   RW          722    .data               system_mkl46z4.o
    0x1fffe0a8   0x00000210   Zero   RW            9    .bss                main.o
    0x1fffe2b8   0x00000200   Zero   RW          158    .bss                uart.o
    0x1fffe4b8   0x00000110   Zero   RW          247    .bss                ir.o
    0x1fffe5c8   0x00000142   Zero   RW          662    .bss                mapper.o
    0x1fffe70a   0x00000002   PAD
    0x1fffe70c   0x00000060   Zero   RW          800    .bss                c_p.l(libspace.o)
    0x1fffe76c   0x00000004   PAD
    0x1fffe770   0x00000000   Zero   RW          709    HEAP                startup_mkl46z4.o
    0x1fffe770   0x00000100   Zero   RW          708    STACK               startup_mkl46z4.o


==============================================================================

Image component sizes


      Code (inc. data)   RO Data    RW Data    ZI Data      Debug   Object Name

      1438        142          0          8        272      10428   ir.o
      1928        342          0         69        528     146371   main.o
       852         92          0         10        322       3672   mapper.o
      1460        240          0         41          0       9678   motordriver2.o
       752         26          0          0          0       4409   rfid.o
      1004        126          0         17          0       4771   sonar.o
       192         22          0          0          0        830   spi.o
        68         38        192          0        256        824   startup_mkl46z4.o
       556         66          0          4          0       1479   system_mkl46z4.o
       204         24          0          0          0       7663   systick.o
      1192        158          0          8        512      13116   uart.o

    ----------------------------------------------------------------------
      9658       1280        224        168       1892     203241   Object Totals
         0          0         32          0          0          0   (incl. Generated)
        12          4          0         11          2          0   (incl. Padding)

    ----------------------------------------------------------------------

      Code (inc. data)   RO Data    RW Data    ZI Data      Debug   Library Member Name

         8          0          0          0          0         68   __main.o
         0          0          0          0          0          0   __rtentry.o
        12          0          0          0          0          0   __rtentry2.o
         6          0          0          0          0          0   __rtentry4.o
        60          8          0          0          0          0   __scatter.o
        26          0          0          0          0          0   __scatter_copy.o
        28          0          0          0          0          0   __scatter_zi.o
       346          0          0          0          0         92   aeabi_sdiv.o
        12          0          0          0          0         64   exit.o
         6          0          0          0          0        136   heapauxi.o
         0          0          0          0          0          0   indicate_semi.o
         2          0          0          0          0          0   libinit.o
         2          0          0          0          0          0   libinit2.o
         2          0          0          0          0          0   libshutdown.o
         2          0          0          0          0          0   libshutdown2.o
         8          4          0          0         96         68   libspace.o
         2          0          0          0          0          0   rtexit.o
        10          0          0          0          0          0   rtexit2.o
        68          6          0          0          0         72   strlen.o
        12          4          0          0          0         60   sys_exit.o
        62          0          0          0          0         80   sys_stackheap_outer.o
         2          0          0          0          0         68   use_no_semi.o

    ----------------------------------------------------------------------
       682         22          0          0        100        708   Library Totals
         6          0          0          0          4          0   (incl. Padding)

    ----------------------------------------------------------------------

      Code (inc. data)   RO Data    RW Data    ZI Data      Debug   Library Name

       676         22          0          0         96        708   c_p.l

    ----------------------------------------------------------------------
       682         22          0          0        100        708   Library Totals

    ----------------------------------------------------------------------

==============================================================================


      Code (inc. data)   RO Data    RW Data    ZI Data      Debug   

     10340       1302        224        168       1992     200769   Grand Totals
     10340       1302        224        168       1992     200769   ELF Image Totals
     10340       1302        224        168          0          0   ROM Totals

==============================================================================

    Total RO  Size (Code + RO Data)                10564 (  10.32kB)
    Total RW  Size (RW Data + ZI Data)              2160 (   2.11kB)
    Total ROM Size (Code + RO Data + RW Data)      10732 (  10.48kB)

==============================================================================

